---
source: etl/providers/slack/tests/slack_render.rs
expression: bundle
---
=== rendered_md/slack/slack_api/chat-18661749-ed35-5c92-aa13-7cb73be53387__bridge__18661749/all.md ===
---
title: "#bridge: Captain's Log, Stardate 47988.1. Sensors detect a Romulan signature bearing 271  (all)"
provider: slack
source_label: "Slack"
chat_uuid: 18661749-ed35-5c92-aa13-7cb73be53387
markdown_uuid: 18661749-ed35-5c92-aa13-7cb73be53387
period: all
display: "#bridge"
account: T_NCC1701D
item_count: 1
source_fingerprint: 2ec659881efea6ba5976ddc16a793d715ceac1e09aced7ee8bfc87dc08aa391e
---

<h1 class="page-title" data-page-title-uuid="18661749-ed35-5c92-aa13-7cb73be53387">#bridge: Captain's Log, Stardate 47988.1. Sensors detect a Romulan signature bearing 271  (all) <a class="source-link" href="https://slack.com/archives/C_BRIDGE/p12604000800000800?team=T_NCC1701D" target="_blank" rel="noopener noreferrer">↗</a></h1>

<div id="m-91592264-62dc-5233-8341-07623d028b40" data-section-uuid="91592264-62dc-5233-8341-07623d028b40" class="msg msg--slack">

## 2369-05-28 15:20:00 UTC — Lt. Cmdr. Data <a class="source-link" href="https://slack.com/archives/C_BRIDGE/p12604000800000800?team=T_NCC1701D" target="_blank" rel="noopener noreferrer">↗</a>

Captain's Log, Stardate 47988.1. Sensors detect a Romulan signature bearing 271 mark 4.

</div>


=== rendered_md/slack/slack_api/chat-8074b3b0-3bd4-5232-843f-c8278649d1a2__bridge__8074b3b0/all.md ===
---
title: "#bridge: Mr. Data, status report. (all)"
provider: slack
source_label: "Slack"
chat_uuid: 8074b3b0-3bd4-5232-843f-c8278649d1a2
markdown_uuid: 8074b3b0-3bd4-5232-843f-c8278649d1a2
period: all
display: "#bridge"
account: T_NCC1701D
item_count: 3
source_fingerprint: 4102db86633ac664f4f19f069e99cb30b6b508e01713270aa1c11297c0cf9264
---

<h1 class="page-title" data-page-title-uuid="8074b3b0-3bd4-5232-843f-c8278649d1a2">#bridge: Mr. Data, status report. (all) <a class="source-link" href="https://slack.com/archives/C_BRIDGE/p12604000100000100?team=T_NCC1701D" target="_blank" rel="noopener noreferrer">↗</a></h1>

<div id="m-a7776276-03f9-5da0-b278-6316e642aabb" data-section-uuid="a7776276-03f9-5da0-b278-6316e642aabb" class="msg msg--slack">

## 2369-05-28 15:08:20 UTC — Jean-Luc Picard <a class="source-link" href="https://slack.com/archives/C_BRIDGE/p12604000100000100?team=T_NCC1701D" target="_blank" rel="noopener noreferrer">↗</a>

Mr. Data, status report.

</div>

<div id="m-70c76bbb-e431-5ab9-9118-61407fbccf09" data-section-uuid="70c76bbb-e431-5ab9-9118-61407fbccf09" class="msg msg--slack">

## 2369-05-28 15:10:00 UTC — Lt. Cmdr. Data <a class="source-link" href="https://slack.com/archives/C_BRIDGE/p12604000200000200?team=T_NCC1701D&thread_ts=12604000100.000100&cid=C_BRIDGE" target="_blank" rel="noopener noreferrer">↗</a>

All systems nominal, Captain. Long-range sensors detect a Class M planet bearing 042 mark 7.

- <span id="m-ff626780-e3a1-5df8-bba3-24114edbba89" data-section-uuid="ff626780-e3a1-5df8-bba3-24114edbba89">:robot_face: Lt. Cmdr. Data</span>
- <span id="m-a9528af6-ed36-5b48-bcc9-eb59b5f469e2" data-section-uuid="a9528af6-ed36-5b48-bcc9-eb59b5f469e2">👍 Jean-Luc Picard</span>
- <span id="m-7d5d550d-e10a-574e-9f4a-5fc3167ff113" data-section-uuid="7d5d550d-e10a-574e-9f4a-5fc3167ff113">👍 William T. Riker</span>

</div>

<div id="m-16c110a7-360d-5923-a931-652fc7823657" data-section-uuid="16c110a7-360d-5923-a931-652fc7823657" class="msg msg--slack">

## 2369-05-28 15:11:40 UTC — William T. Riker <a class="source-link" href="https://slack.com/archives/C_BRIDGE/p12604000300000300?team=T_NCC1701D&thread_ts=12604000100.000100&cid=C_BRIDGE" target="_blank" rel="noopener noreferrer">↗</a>

Set a course, Mr. Data. Warp factor five.

</div>


=== rendered_md/slack/slack_api/chat-a93e15fa-68d5-5d53-aa9a-590e01b83275__ten-forward__a93e15fa/all.md ===
---
title: "#ten-forward: Anyone up for poker tonight? (all)"
provider: slack
source_label: "Slack"
chat_uuid: a93e15fa-68d5-5d53-aa9a-590e01b83275
markdown_uuid: a93e15fa-68d5-5d53-aa9a-590e01b83275
period: all
display: "#ten-forward"
account: T_NCC1701D
item_count: 2
source_fingerprint: 9656cd6d8de8b82c4a0d6cecad9a2216d8560df6b8325d709c584ee891be687a
---

<h1 class="page-title" data-page-title-uuid="a93e15fa-68d5-5d53-aa9a-590e01b83275">#ten-forward: Anyone up for poker tonight? (all) <a class="source-link" href="https://slack.com/archives/C_TENFWD/p12604000600000600?team=T_NCC1701D" target="_blank" rel="noopener noreferrer">↗</a></h1>

<div id="m-712dd3b9-7df4-59b6-ab50-ce709b0ab747" data-section-uuid="712dd3b9-7df4-59b6-ab50-ce709b0ab747" class="msg msg--slack">

## 2369-05-28 15:16:40 UTC — William T. Riker <a class="source-link" href="https://slack.com/archives/C_TENFWD/p12604000600000600?team=T_NCC1701D" target="_blank" rel="noopener noreferrer">↗</a>

Anyone up for poker tonight?

</div>

<div id="m-c26c0b71-66a5-535c-9b46-e64351034dc6" data-section-uuid="c26c0b71-66a5-535c-9b46-e64351034dc6" class="msg msg--slack">

## 2369-05-28 15:18:20 UTC — Worf <a class="source-link" href="https://slack.com/archives/C_TENFWD/p12604000700000700?team=T_NCC1701D&thread_ts=12604000600.000600&cid=C_TENFWD" target="_blank" rel="noopener noreferrer">↗</a>

I do not understand the appeal of this Earth game.

- <span id="m-45fb14e6-0b4f-5891-a505-8711c26d7ad9" data-section-uuid="45fb14e6-0b4f-5891-a505-8711c26d7ad9">😂 William T. Riker</span>

</div>


=== rendered_md/slack/slack_api/chat-b220c513-3e7b-5301-8b0d-13f9b8cf63fc__engineering__b220c513/all.md ===
---
title: "#engineering: Warp core efficiency at 99.7%. (all)"
provider: slack
source_label: "Slack"
chat_uuid: b220c513-3e7b-5301-8b0d-13f9b8cf63fc
markdown_uuid: b220c513-3e7b-5301-8b0d-13f9b8cf63fc
period: all
display: "#engineering"
account: T_NCC1701D
item_count: 1
source_fingerprint: 0ba45c943114b16ea457532986b4b21b50308ba7f44b756e6be70dab13b5b6ac
---

<h1 class="page-title" data-page-title-uuid="b220c513-3e7b-5301-8b0d-13f9b8cf63fc">#engineering: Warp core efficiency at 99.7%. (all) <a class="source-link" href="https://slack.com/archives/C_ENG/p12604000500000500?team=T_NCC1701D" target="_blank" rel="noopener noreferrer">↗</a></h1>

<div id="m-069e5516-8c53-5c55-bb1c-8741e7f833d9" data-section-uuid="069e5516-8c53-5c55-bb1c-8741e7f833d9" class="msg msg--slack">

## 2369-05-28 15:15:00 UTC — Lt. Cmdr. Data <a class="source-link" href="https://slack.com/archives/C_ENG/p12604000500000500?team=T_NCC1701D" target="_blank" rel="noopener noreferrer">↗</a>

Warp core efficiency at 99.7%.

</div>


=== rendered_md/slack/slack_api/chat-b5ff7879-d563-59d6-8e89-906b6975dca1__bridge__b5ff7879/all.md ===
---
title: "#bridge: I recommend raising shields, Captain. (all)"
provider: slack
source_label: "Slack"
chat_uuid: b5ff7879-d563-59d6-8e89-906b6975dca1
markdown_uuid: b5ff7879-d563-59d6-8e89-906b6975dca1
period: all
display: "#bridge"
account: T_NCC1701D
item_count: 1
source_fingerprint: ab36fb6c36d5b268b3d26466273ce38486657e1d29b80c339939d7f334dda0bd
---

<h1 class="page-title" data-page-title-uuid="b5ff7879-d563-59d6-8e89-906b6975dca1">#bridge: I recommend raising shields, Captain. (all) <a class="source-link" href="https://slack.com/archives/C_BRIDGE/p12604000400000400?team=T_NCC1701D" target="_blank" rel="noopener noreferrer">↗</a></h1>

<div id="m-78ad2e40-fc0b-58d0-a6a6-2acb4300003b" data-section-uuid="78ad2e40-fc0b-58d0-a6a6-2acb4300003b" class="msg msg--slack">

## 2369-05-28 15:13:20 UTC — Worf <a class="source-link" href="https://slack.com/archives/C_BRIDGE/p12604000400000400?team=T_NCC1701D" target="_blank" rel="noopener noreferrer">↗</a>

I recommend raising shields, Captain.

</div>


=== rendered_md/slack/slack_api/chat-be617fe9-49d3-5fe1-b75d-0e210465c5bb__bridge__be617fe9/all.md ===
---
title: "#bridge: New combadge prototypes — thoughts? (all)"
provider: slack
source_label: "Slack"
chat_uuid: be617fe9-49d3-5fe1-b75d-0e210465c5bb
markdown_uuid: be617fe9-49d3-5fe1-b75d-0e210465c5bb
period: all
display: "#bridge"
account: T_NCC1701D
item_count: 1
source_fingerprint: 125a9fe07f0b145889db3b2ba5b4e7abe496c5784e809408d732fcb945348313
---

<h1 class="page-title" data-page-title-uuid="be617fe9-49d3-5fe1-b75d-0e210465c5bb">#bridge: New combadge prototypes — thoughts? (all) <a class="source-link" href="https://slack.com/archives/C_BRIDGE/p12604000700000700?team=T_NCC1701D" target="_blank" rel="noopener noreferrer">↗</a></h1>

<div id="m-b528443b-a4b8-5651-9c48-ef6ee9a630cc" data-section-uuid="b528443b-a4b8-5651-9c48-ef6ee9a630cc" class="msg msg--slack">

## 2369-05-28 15:18:20 UTC — Jean-Luc Picard <a class="source-link" href="https://slack.com/archives/C_BRIDGE/p12604000700000700?team=T_NCC1701D" target="_blank" rel="noopener noreferrer">↗</a>

New combadge prototypes — thoughts?

🖼 *[Delta shield prototype (not yet fetched)]*
*(source: https://files.slack.com/files-pri/T_NCC1701D-F_DELTA_SHIELD/delta_shield.png)*

</div>
