---
source: etl/providers/anthropic/tests/anthropic_render.rs
assertion_line: 78
expression: sbundle
---
=== rendered_md/anthropic/00000001-1701-4d00-8000-000000000001/llm_chats/c0000003-1701-4d00-8000-00000000c003/index.grid_rows.json ===
{
  "header": {
    "document_uuid": "c0000003-1701-4d00-8000-00000000c003",
    "source_fingerprint": "4bd6a5def8a9a0c9",
    "render_version": 2
  },
  "rows": [
    {
      "uuid": "c0000003-1701-4d00-8000-00000000c003",
      "provider": "anthropic",
      "kind": "Chat",
      "source_label": "Claude",
      "when_ts": "2369-04-14T10:00:00.000000+00:00",
      "author": null,
      "account": "00000001-1701-4d00-8000-000000000001",
      "project": null,
      "channel": null,
      "conversation_name": "Klingon Diplomatic Greeting Drafting",
      "conversation_uuid": "c0000003-1701-4d00-8000-00000000c003",
      "message_index": null,
      "entire_chat": "/chat/c0000003-1701-4d00-8000-00000000c003",
      "text": "Drafting an opening for a Klingon diplomatic exchange.",
      "slack_link": null,
      "qmd_path": "rendered_md/anthropic/00000001-1701-4d00-8000-000000000001/llm_chats/c0000003-1701-4d00-8000-00000000c003/index.md",
      "source_url": null,
      "git_sha": null,
      "external_id": null,
      "notion_page_uuid": null,
      "notion_block_uuid": null,
      "document_uuid": "c0000003-1701-4d00-8000-00000000c003"
    },
    {
      "uuid": "30000001-1701-4d00-8000-000000030001",
      "provider": "anthropic",
      "kind": "User Input",
      "source_label": "Claude",
      "when_ts": "2369-04-14T10:00:00.000000+00:00",
      "author": "00000001-1701-4d00-8000-000000000001",
      "account": "00000001-1701-4d00-8000-000000000001",
      "project": null,
      "channel": null,
      "conversation_name": "Klingon Diplomatic Greeting Drafting",
      "conversation_uuid": "c0000003-1701-4d00-8000-00000000c003",
      "message_index": 0,
      "entire_chat": "/chat/c0000003-1701-4d00-8000-00000000c003",
      "text": "Look up the Klingon greeting \"nuqneH\" and propose a respectful opening line for a diplomatic dispatch to Chancellor K'mpec.",
      "slack_link": null,
      "qmd_path": "rendered_md/anthropic/00000001-1701-4d00-8000-000000000001/llm_chats/c0000003-1701-4d00-8000-00000000c003/index.md",
      "source_url": null,
      "git_sha": null,
      "external_id": null,
      "notion_page_uuid": null,
      "notion_block_uuid": null,
      "document_uuid": "c0000003-1701-4d00-8000-00000000c003"
    },
    {
      "uuid": "30000002-1701-4d00-8000-000000030002",
      "provider": "anthropic",
      "kind": "LLM Response",
      "source_label": "Claude",
      "when_ts": "2369-04-14T10:01:00.000000+00:00",
      "author": "claude-opus-4-7",
      "account": "00000001-1701-4d00-8000-000000000001",
      "project": null,
      "channel": null,
      "conversation_name": "Klingon Diplomatic Greeting Drafting",
      "conversation_uuid": "c0000003-1701-4d00-8000-00000000c003",
      "message_index": 1,
      "entire_chat": "/chat/c0000003-1701-4d00-8000-00000000c003",
      "text": "For a dispatch to Chancellor K'mpec, open with \"qaleghneS, Chancellor — nuqneH?\" (\"I am honored to see you — what do you want?\"). The honorific softens the bluntness of nuqneH; together they read as warm-but-direct, which Klingons respect.",
      "slack_link": null,
      "qmd_path": "rendered_md/anthropic/00000001-1701-4d00-8000-000000000001/llm_chats/c0000003-1701-4d00-8000-00000000c003/index.md",
      "source_url": null,
      "git_sha": null,
      "external_id": null,
      "notion_page_uuid": null,
      "notion_block_uuid": null,
      "document_uuid": "c0000003-1701-4d00-8000-00000000c003"
    },
    {
      "uuid": "th-30000002-1701-4d00-8000-000000030002-0",
      "provider": "anthropic",
      "kind": "LLM Thinking",
      "source_label": "Claude",
      "when_ts": "2369-04-14T10:00:30.000000+00:00",
      "author": "claude-opus-4-7",
      "account": "00000001-1701-4d00-8000-000000000001",
      "project": null,
      "channel": null,
      "conversation_name": "Klingon Diplomatic Greeting Drafting",
      "conversation_uuid": "c0000003-1701-4d00-8000-00000000c003",
      "message_index": 1,
      "entire_chat": "/chat/c0000003-1701-4d00-8000-00000000c003",
      "text": "\"nuqneH\" literally means \"what do you want\" — it's blunt by Federation standards but standard among Klingons. I should fetch a phrasebook to confirm register before recommending an opening.",
      "slack_link": null,
      "qmd_path": "rendered_md/anthropic/00000001-1701-4d00-8000-000000000001/llm_chats/c0000003-1701-4d00-8000-00000000c003/index.md",
      "source_url": null,
      "git_sha": null,
      "external_id": null,
      "notion_page_uuid": null,
      "notion_block_uuid": null,
      "document_uuid": "c0000003-1701-4d00-8000-00000000c003"
    },
    {
      "uuid": "tu-toolu_FAKE0001ngfedcba9876543210",
      "provider": "anthropic",
      "kind": "Tool Call",
      "source_label": "Claude",
      "when_ts": "2369-04-14T10:00:32.000000+00:00",
      "author": "claude-opus-4-7",
      "account": "00000001-1701-4d00-8000-000000000001",
      "project": null,
      "channel": null,
      "conversation_name": "Klingon Diplomatic Greeting Drafting",
      "conversation_uuid": "c0000003-1701-4d00-8000-00000000c003",
      "message_index": 1,
      "entire_chat": "/chat/c0000003-1701-4d00-8000-00000000c003",
      "text": "tool_use",
      "slack_link": null,
      "qmd_path": "rendered_md/anthropic/00000001-1701-4d00-8000-000000000001/llm_chats/c0000003-1701-4d00-8000-00000000c003/index.md",
      "source_url": null,
      "git_sha": null,
      "external_id": null,
      "notion_page_uuid": null,
      "notion_block_uuid": null,
      "document_uuid": "c0000003-1701-4d00-8000-00000000c003"
    },
    {
      "uuid": "tr-toolu_FAKE0001ngfedcba9876543210",
      "provider": "anthropic",
      "kind": "Tool Call",
      "source_label": "Claude",
      "when_ts": "2369-04-14T10:01:00.000003+00:00",
      "author": "claude-opus-4-7",
      "account": "00000001-1701-4d00-8000-000000000001",
      "project": null,
      "channel": null,
      "conversation_name": "Klingon Diplomatic Greeting Drafting",
      "conversation_uuid": "c0000003-1701-4d00-8000-00000000c003",
      "message_index": 1,
      "entire_chat": "/chat/c0000003-1701-4d00-8000-00000000c003",
      "text": "tool_result",
      "slack_link": null,
      "qmd_path": "rendered_md/anthropic/00000001-1701-4d00-8000-000000000001/llm_chats/c0000003-1701-4d00-8000-00000000c003/index.md",
      "source_url": null,
      "git_sha": null,
      "external_id": null,
      "notion_page_uuid": null,
      "notion_block_uuid": null,
      "document_uuid": "c0000003-1701-4d00-8000-00000000c003"
    },
    {
      "uuid": "30000003-1701-4d00-8000-000000030003",
      "provider": "anthropic",
      "kind": "User Input",
      "source_label": "Claude",
      "when_ts": "2369-04-14T10:02:00.000000+00:00",
      "author": "00000001-1701-4d00-8000-000000000001",
      "account": "00000001-1701-4d00-8000-000000000001",
      "project": null,
      "channel": null,
      "conversation_name": "Klingon Diplomatic Greeting Drafting",
      "conversation_uuid": "c0000003-1701-4d00-8000-00000000c003",
      "message_index": 2,
      "entire_chat": "/chat/c0000003-1701-4d00-8000-00000000c003",
      "text": "Perfect. Make it so.",
      "slack_link": null,
      "qmd_path": "rendered_md/anthropic/00000001-1701-4d00-8000-000000000001/llm_chats/c0000003-1701-4d00-8000-00000000c003/index.md",
      "source_url": null,
      "git_sha": null,
      "external_id": null,
      "notion_page_uuid": null,
      "notion_block_uuid": null,
      "document_uuid": "c0000003-1701-4d00-8000-00000000c003"
    }
  ]
}
=== rendered_md/anthropic/00000001-1701-4d00-8000-000000000001/llm_chats/c0000005-1701-4d00-8000-00000000c005/index.grid_rows.json ===
{
  "header": {
    "document_uuid": "c0000005-1701-4d00-8000-00000000c005",
    "source_fingerprint": "b000b9b1b5e872e5",
    "render_version": 2
  },
  "rows": [
    {
      "uuid": "c0000005-1701-4d00-8000-00000000c005",
      "provider": "anthropic",
      "kind": "Chat",
      "source_label": "Claude",
      "when_ts": "2369-04-16T09:00:00.000000+00:00",
      "author": null,
      "account": "00000001-1701-4d00-8000-000000000001",
      "project": null,
      "channel": null,
      "conversation_name": "Borg Encryption Signature Lookup",
      "conversation_uuid": "c0000005-1701-4d00-8000-00000000c005",
      "message_index": null,
      "entire_chat": "/chat/c0000005-1701-4d00-8000-00000000c005",
      "text": "Looking up a Borg adaptive-shield signature; first lookup errors out, retry succeeds.",
      "slack_link": null,
      "qmd_path": "rendered_md/anthropic/00000001-1701-4d00-8000-000000000001/llm_chats/c0000005-1701-4d00-8000-00000000c005/index.md",
      "source_url": null,
      "git_sha": null,
      "external_id": null,
      "notion_page_uuid": null,
      "notion_block_uuid": null,
      "document_uuid": "c0000005-1701-4d00-8000-00000000c005"
    },
    {
      "uuid": "50000001-1701-4d00-8000-000000050001",
      "provider": "anthropic",
      "kind": "User Input",
      "source_label": "Claude",
      "when_ts": "2369-04-16T09:00:00.000000+00:00",
      "author": "00000001-1701-4d00-8000-000000000001",
      "account": "00000001-1701-4d00-8000-000000000001",
      "project": null,
      "channel": null,
      "conversation_name": "Borg Encryption Signature Lookup",
      "conversation_uuid": "c0000005-1701-4d00-8000-00000000c005",
      "message_index": 0,
      "entire_chat": "/chat/c0000005-1701-4d00-8000-00000000c005",
      "text": "Look up the Borg adaptive-shield signature 7-of-9-alpha and tell me if we have a counter on file.",
      "slack_link": null,
      "qmd_path": "rendered_md/anthropic/00000001-1701-4d00-8000-000000000001/llm_chats/c0000005-1701-4d00-8000-00000000c005/index.md",
      "source_url": null,
      "git_sha": null,
      "external_id": null,
      "notion_page_uuid": null,
      "notion_block_uuid": null,
      "document_uuid": "c0000005-1701-4d00-8000-00000000c005"
    },
    {
      "uuid": "50000002-1701-4d00-8000-000000050002",
      "provider": "anthropic",
      "kind": "LLM Response",
      "source_label": "Claude",
      "when_ts": "2369-04-16T09:01:30.000000+00:00",
      "author": "claude-opus-4-7",
      "account": "00000001-1701-4d00-8000-000000000001",
      "project": null,
      "channel": null,
      "conversation_name": "Borg Encryption Signature Lookup",
      "conversation_uuid": "c0000005-1701-4d00-8000-00000000c005",
      "message_index": 1,
      "entire_chat": "/chat/c0000005-1701-4d00-8000-00000000c005",
      "text": "Yes — we have a counter on file. Rotating phaser modulation at 257.4 MHz (±0.6) gives roughly two effective rounds before the Borg re-adapt. Recommend pre-loading the rotation pattern before engagement.",
      "slack_link": null,
      "qmd_path": "rendered_md/anthropic/00000001-1701-4d00-8000-000000000001/llm_chats/c0000005-1701-4d00-8000-00000000c005/index.md",
      "source_url": null,
      "git_sha": null,
      "external_id": null,
      "notion_page_uuid": null,
      "notion_block_uuid": null,
      "document_uuid": "c0000005-1701-4d00-8000-00000000c005"
    },
    {
      "uuid": "tu-toolu_FAKE0002borgsigfirstattempt0",
      "provider": "anthropic",
      "kind": "Tool Call",
      "source_label": "Claude",
      "when_ts": "2369-04-16T09:00:10.000000+00:00",
      "author": "claude-opus-4-7",
      "account": "00000001-1701-4d00-8000-000000000001",
      "project": null,
      "channel": null,
      "conversation_name": "Borg Encryption Signature Lookup",
      "conversation_uuid": "c0000005-1701-4d00-8000-00000000c005",
      "message_index": 1,
      "entire_chat": "/chat/c0000005-1701-4d00-8000-00000000c005",
      "text": "tool_use",
      "slack_link": null,
      "qmd_path": "rendered_md/anthropic/00000001-1701-4d00-8000-000000000001/llm_chats/c0000005-1701-4d00-8000-00000000c005/index.md",
      "source_url": null,
      "git_sha": null,
      "external_id": null,
      "notion_page_uuid": null,
      "notion_block_uuid": null,
      "document_uuid": "c0000005-1701-4d00-8000-00000000c005"
    },
    {
      "uuid": "tr-toolu_FAKE0002borgsigfirstattempt0",
      "provider": "anthropic",
      "kind": "Tool Call",
      "source_label": "Claude",
      "when_ts": "2369-04-16T09:01:30.000002+00:00",
      "author": "claude-opus-4-7",
      "account": "00000001-1701-4d00-8000-000000000001",
      "project": null,
      "channel": null,
      "conversation_name": "Borg Encryption Signature Lookup",
      "conversation_uuid": "c0000005-1701-4d00-8000-00000000c005",
      "message_index": 1,
      "entire_chat": "/chat/c0000005-1701-4d00-8000-00000000c005",
      "text": "tool_result",
      "slack_link": null,
      "qmd_path": "rendered_md/anthropic/00000001-1701-4d00-8000-000000000001/llm_chats/c0000005-1701-4d00-8000-00000000c005/index.md",
      "source_url": null,
      "git_sha": null,
      "external_id": null,
      "notion_page_uuid": null,
      "notion_block_uuid": null,
      "document_uuid": "c0000005-1701-4d00-8000-00000000c005"
    },
    {
      "uuid": "tu-toolu_FAKE0003borgsigsecondtry00",
      "provider": "anthropic",
      "kind": "Tool Call",
      "source_label": "Claude",
      "when_ts": "2369-04-16T09:00:30.000000+00:00",
      "author": "claude-opus-4-7",
      "account": "00000001-1701-4d00-8000-000000000001",
      "project": null,
      "channel": null,
      "conversation_name": "Borg Encryption Signature Lookup",
      "conversation_uuid": "c0000005-1701-4d00-8000-00000000c005",
      "message_index": 1,
      "entire_chat": "/chat/c0000005-1701-4d00-8000-00000000c005",
      "text": "tool_use",
      "slack_link": null,
      "qmd_path": "rendered_md/anthropic/00000001-1701-4d00-8000-000000000001/llm_chats/c0000005-1701-4d00-8000-00000000c005/index.md",
      "source_url": null,
      "git_sha": null,
      "external_id": null,
      "notion_page_uuid": null,
      "notion_block_uuid": null,
      "document_uuid": "c0000005-1701-4d00-8000-00000000c005"
    },
    {
      "uuid": "tr-toolu_FAKE0003borgsigsecondtry00",
      "provider": "anthropic",
      "kind": "Tool Call",
      "source_label": "Claude",
      "when_ts": "2369-04-16T09:01:30.000004+00:00",
      "author": "claude-opus-4-7",
      "account": "00000001-1701-4d00-8000-000000000001",
      "project": null,
      "channel": null,
      "conversation_name": "Borg Encryption Signature Lookup",
      "conversation_uuid": "c0000005-1701-4d00-8000-00000000c005",
      "message_index": 1,
      "entire_chat": "/chat/c0000005-1701-4d00-8000-00000000c005",
      "text": "tool_result",
      "slack_link": null,
      "qmd_path": "rendered_md/anthropic/00000001-1701-4d00-8000-000000000001/llm_chats/c0000005-1701-4d00-8000-00000000c005/index.md",
      "source_url": null,
      "git_sha": null,
      "external_id": null,
      "notion_page_uuid": null,
      "notion_block_uuid": null,
      "document_uuid": "c0000005-1701-4d00-8000-00000000c005"
    }
  ]
}
=== rendered_md/anthropic/00000003-1701-4d00-8000-000000000003/llm_chats/c0000004-1701-4d00-8000-00000000c004/index.grid_rows.json ===
{
  "header": {
    "document_uuid": "c0000004-1701-4d00-8000-00000000c004",
    "source_fingerprint": "eeb3ca8884970488",
    "render_version": 2
  },
  "rows": [
    {
      "uuid": "c0000004-1701-4d00-8000-00000000c004",
      "provider": "anthropic",
      "kind": "Chat",
      "source_label": "Claude",
      "when_ts": "2369-04-15T08:30:00.000000+00:00",
      "author": null,
      "account": "00000003-1701-4d00-8000-000000000003",
      "project": null,
      "channel": null,
      "conversation_name": "Tricorder Image Diagnostic",
      "conversation_uuid": "c0000004-1701-4d00-8000-00000000c004",
      "message_index": null,
      "entire_chat": "/chat/c0000004-1701-4d00-8000-00000000c004",
      "text": "Pasted a tricorder readout image; asked for interpretation.",
      "slack_link": null,
      "qmd_path": "rendered_md/anthropic/00000003-1701-4d00-8000-000000000003/llm_chats/c0000004-1701-4d00-8000-00000000c004/index.md",
      "source_url": null,
      "git_sha": null,
      "external_id": null,
      "notion_page_uuid": null,
      "notion_block_uuid": null,
      "document_uuid": "c0000004-1701-4d00-8000-00000000c004"
    },
    {
      "uuid": "40000001-1701-4d00-8000-000000040001",
      "provider": "anthropic",
      "kind": "User Input",
      "source_label": "Claude",
      "when_ts": "2369-04-15T08:30:00.000000+00:00",
      "author": "00000003-1701-4d00-8000-000000000003",
      "account": "00000003-1701-4d00-8000-000000000003",
      "project": null,
      "channel": null,
      "conversation_name": "Tricorder Image Diagnostic",
      "conversation_uuid": "c0000004-1701-4d00-8000-00000000c004",
      "message_index": 0,
      "entire_chat": "/chat/c0000004-1701-4d00-8000-00000000c004",
      "text": "What's wrong with this medical-tricorder readout?",
      "slack_link": null,
      "qmd_path": "rendered_md/anthropic/00000003-1701-4d00-8000-000000000003/llm_chats/c0000004-1701-4d00-8000-00000000c004/index.md",
      "source_url": null,
      "git_sha": null,
      "external_id": null,
      "notion_page_uuid": null,
      "notion_block_uuid": null,
      "document_uuid": "c0000004-1701-4d00-8000-00000000c004"
    },
    {
      "uuid": "40000002-1701-4d00-8000-000000040002",
      "provider": "anthropic",
      "kind": "LLM Response",
      "source_label": "Claude",
      "when_ts": "2369-04-15T08:30:45.000000+00:00",
      "author": "claude-opus-4-7",
      "account": "00000003-1701-4d00-8000-000000000003",
      "project": null,
      "channel": null,
      "conversation_name": "Tricorder Image Diagnostic",
      "conversation_uuid": "c0000004-1701-4d00-8000-00000000c004",
      "message_index": 1,
      "entire_chat": "/chat/c0000004-1701-4d00-8000-00000000c004",
      "text": "The readout shows elevated isoboramine (62 ng/mL; reference 35–40) and depressed serotonin uptake. Consistent with early-stage Vulcan neuro-pressure deficit. Recommend mind-meld therapy at 24h intervals.",
      "slack_link": null,
      "qmd_path": "rendered_md/anthropic/00000003-1701-4d00-8000-000000000003/llm_chats/c0000004-1701-4d00-8000-00000000c004/index.md",
      "source_url": null,
      "git_sha": null,
      "external_id": null,
      "notion_page_uuid": null,
      "notion_block_uuid": null,
      "document_uuid": "c0000004-1701-4d00-8000-00000000c004"
    }
  ]
}
