---
source: datalib/backend/etl/providers/claude/tests/claude_tests/claude_render.rs
expression: bundle
---
=== claude_export/render_markdown/00000000-0000-8305-8a74-7d4a860e0d82/all.md ===
---
title: "Holodeck Malfunction Report"
provider: claude
source_label: "Claude"
chat_uuid: 00000000-0000-8305-8a74-7d4a860e0d82
markdown_uuid: 00000000-0000-8305-8a74-7d4a860e0d82
period: all
display: "Holodeck Malfunction Report"
account: "jlpicard@enterprise.starfleet.test"
external_id: "c0000008-1701-4d00-8000-00000000c008"
item_count: 13
---

<h1 class="page-title" data-page-title-uuid="00000000-0000-8305-8a74-7d4a860e0d82">Holodeck Malfunction Report <a class="source-link" href="https://claude.ai/chat/c0000008-1701-4d00-8000-00000000c008" target="_blank" rel="noopener noreferrer">↗</a></h1>

<details class="branch">
<summary>✎ Another version · 5 messages</summary>

<div id="m-0b7611f3-3d00-8fe7-8b3d-6f240ae07699" data-section-uuid="0b7611f3-3d00-8fe7-8b3d-6f240ae07699" class="msg msg--claude">

## <span class="msg-author">Human</span> <time class="msg-ts" datetime="2369-05-02T10:00:00+00:00" title="2369-05-02 10:00:00 UTC">Fri May 2nd, 2369 at 10:00</time>

Look up the three most recent holodeck malfunctions aboard the Enterprise and cite your sources.

</div>

<div id="m-0b7611f3-6410-866e-83cc-8d75f0ccdbab" data-section-uuid="0b7611f3-6410-866e-83cc-8d75f0ccdbab" class="msg msg--claude">

## <span class="msg-author">claude-opus-4-7</span> <time class="msg-ts" datetime="2369-05-02T10:00:10+00:00" title="2369-05-02 10:00:10 UTC">Fri May 2nd, 2369 at 10:00</time>

<details><summary>Thinking</summary>

> Search the incident logs.

</details>

</div>

<details class="tool-group">
<summary>🛠 2 tool steps</summary>

<div id="m-0b7611f3-6be0-8e1a-b30d-a620370913f0" data-section-uuid="0b7611f3-6be0-8e1a-b30d-a620370913f0" class="msg msg--claude">

## <span class="msg-author">claude-opus-4-7</span> <time class="msg-ts" datetime="2369-05-02T10:00:12+00:00" title="2369-05-02 10:00:12 UTC">Fri May 2nd, 2369 at 10:00</time>

<details><summary>Tool use: web_search — Searching the web</summary>

```json
{
  "query": "Enterprise holodeck malfunctions"
}
```
</details>

</div>

<div id="m-0b7611f3-6be0-8333-8e70-8a1c139fd11b" data-section-uuid="0b7611f3-6be0-8333-8e70-8a1c139fd11b" class="msg msg--claude">

## <span class="msg-author">claude-opus-4-7</span> <time class="msg-ts" datetime="2369-05-02T10:00:12+00:00" title="2369-05-02 10:00:12 UTC">Fri May 2nd, 2369 at 10:00</time>

<details><summary>Tool result: web_search</summary>

- [Holodeck](https://memory-alpha.example/Holodeck) — Memory Alpha
- [Holodeck malfunctions](https://starfleet.example/incidents/holodeck) — Starfleet

</details>

</div>

</details>

<div id="m-0b7611f3-b230-8c74-a33b-1a4c569adc8f" data-section-uuid="0b7611f3-b230-8c74-a33b-1a4c569adc8f" class="msg msg--claude">

## <span class="msg-author">claude-opus-4-7</span> <time class="msg-ts" datetime="2369-05-02T10:00:30+00:00" title="2369-05-02 10:00:30 UTC">Fri May 2nd, 2369 at 10:00</time>

The three most recent were the Moriarty incident, the Fistful of Datas program and the Robin Hood program.

**Sources**

1. [Holodeck malfunctions](https://starfleet.example/incidents/holodeck) — Starfleet

</div>

</details>

<div id="m-0b7611f5-11c0-8c84-a4da-152e1778bb09" data-section-uuid="0b7611f5-11c0-8c84-a4da-152e1778bb09" class="msg msg--claude">

## <span class="msg-author">Human</span> <time class="msg-ts" datetime="2369-05-02T10:02:00+00:00" title="2369-05-02 10:02:00 UTC">Fri May 2nd, 2369 at 10:02</time>

Look up the four most recent holodeck malfunctions aboard the Enterprise and cite your sources.

</div>

<div id="m-0b7611f5-38d0-84fd-873a-05cd97691792" data-section-uuid="0b7611f5-38d0-84fd-873a-05cd97691792" class="msg msg--claude">

## <span class="msg-author">claude-opus-4-7</span> <time class="msg-ts" datetime="2369-05-02T10:02:10+00:00" title="2369-05-02 10:02:10 UTC">Fri May 2nd, 2369 at 10:02</time>

<details><summary>Thinking</summary>

> Search again for four.

</details>

</div>

<details class="tool-group">
<summary>🛠 2 tool steps</summary>

<div id="m-0b7611f5-40a0-8602-a165-d0bc9f222227" data-section-uuid="0b7611f5-40a0-8602-a165-d0bc9f222227" class="msg msg--claude">

## <span class="msg-author">claude-opus-4-7</span> <time class="msg-ts" datetime="2369-05-02T10:02:12+00:00" title="2369-05-02 10:02:12 UTC">Fri May 2nd, 2369 at 10:02</time>

<details><summary>Tool use: web_search — Searching the web</summary>

```json
{
  "query": "Enterprise holodeck malfunctions four"
}
```
</details>

</div>

<div id="m-0b7611f5-40a0-8ce8-a1c7-e277dde57e1b" data-section-uuid="0b7611f5-40a0-8ce8-a1c7-e277dde57e1b" class="msg msg--claude">

## <span class="msg-author">claude-opus-4-7</span> <time class="msg-ts" datetime="2369-05-02T10:02:12+00:00" title="2369-05-02 10:02:12 UTC">Fri May 2nd, 2369 at 10:02</time>

<details><summary>Tool result: web_search</summary>

- [Holodeck](https://memory-alpha.example/Holodeck) — Memory Alpha
- [Holodeck malfunctions](https://starfleet.example/incidents/holodeck) — Starfleet

</details>

</div>

</details>

<div id="m-0b7611f5-ae00-8f22-a627-360db3feeb13" data-section-uuid="0b7611f5-ae00-8f22-a627-360db3feeb13" class="msg msg--claude">

## <span class="msg-author">claude-opus-4-7</span> <time class="msg-ts" datetime="2369-05-02T10:02:40+00:00" title="2369-05-02 10:02:40 UTC">Fri May 2nd, 2369 at 10:02</time>

Four are on record; the most recent was the Moriarty incident.

**Sources**

1. [Holodeck](https://memory-alpha.example/Holodeck) — Memory Alpha
2. [Holodeck malfunctions](https://starfleet.example/incidents/holodeck) — Starfleet

</div>

<div id="m-0b7611f5-fc20-826f-9831-9692292ea4a8" data-section-uuid="0b7611f5-fc20-826f-9831-9692292ea4a8" class="msg msg--claude">

## <span class="msg-author">Human</span> <time class="msg-ts" datetime="2369-05-02T10:03:00+00:00" title="2369-05-02 10:03:00 UTC">Fri May 2nd, 2369 at 10:03</time>

Plot how long each malfunction lasted and send me the chart.

</div>

<div id="m-0b7611f6-0fa8-8bbc-b8d5-7c60548511de" data-section-uuid="0b7611f6-0fa8-8bbc-b8d5-7c60548511de" class="msg msg--claude">

## <span class="msg-author">claude-opus-4-7</span> <time class="msg-ts" datetime="2369-05-02T10:03:05+00:00" title="2369-05-02 10:03:05 UTC">Fri May 2nd, 2369 at 10:03</time>

<details><summary>Thinking</summary>

> Write a script, run it, send the chart.

</details>

</div>

<details class="tool-group">
<summary>🛠 6 tool steps</summary>

<div id="m-0b7611f6-2330-871f-b3bb-ce23a4ced182" data-section-uuid="0b7611f6-2330-871f-b3bb-ce23a4ced182" class="msg msg--claude">

## <span class="msg-author">claude-opus-4-7</span> <time class="msg-ts" datetime="2369-05-02T10:03:10+00:00" title="2369-05-02 10:03:10 UTC">Fri May 2nd, 2369 at 10:03</time>

<details><summary>Tool use: Write — Created a file</summary>

Create `holodeck_chart.py`

```python
import matplotlib.pyplot as plt
plt.bar(['Moriarty', 'Datas', 'Robin Hood', 'Fair Haven'], [3, 1, 1, 2])
plt.savefig('holodeck_chart.png')
```
</details>

</div>

<div id="m-0b7611f6-2718-895a-a994-85e04d238114" data-section-uuid="0b7611f6-2718-895a-a994-85e04d238114" class="msg msg--claude">

## <span class="msg-author">claude-opus-4-7</span> <time class="msg-ts" datetime="2369-05-02T10:03:11+00:00" title="2369-05-02 10:03:11 UTC">Fri May 2nd, 2369 at 10:03</time>

<details><summary>Tool result: Write</summary>

```
File created successfully at: holodeck_chart.py
```

</details>

</div>

<div id="m-0b7611f6-4a40-8a5c-8b3d-397c846c0938" data-section-uuid="0b7611f6-4a40-8a5c-8b3d-397c846c0938" class="msg msg--claude">

## <span class="msg-author">claude-opus-4-7</span> <time class="msg-ts" datetime="2369-05-02T10:03:20+00:00" title="2369-05-02 10:03:20 UTC">Fri May 2nd, 2369 at 10:03</time>

<details><summary>Tool use: Bash — Ran a command</summary>

Render the chart

```bash
python3 holodeck_chart.py
```
</details>

</div>

<div id="m-0b7611f6-7150-87e2-91ff-af02b55e4f1b" data-section-uuid="0b7611f6-7150-87e2-91ff-af02b55e4f1b" class="msg msg--claude">

## <span class="msg-author">claude-opus-4-7</span> <time class="msg-ts" datetime="2369-05-02T10:03:30+00:00" title="2369-05-02 10:03:30 UTC">Fri May 2nd, 2369 at 10:03</time>

<details><summary>Tool result: Bash</summary>

```
(no output)
```

</details>

</div>

<div id="m-0b7611f6-9860-8116-b04b-d80152806c08" data-section-uuid="0b7611f6-9860-8116-b04b-d80152806c08" class="msg msg--claude">

## <span class="msg-author">claude-opus-4-7</span> <time class="msg-ts" datetime="2369-05-02T10:03:40+00:00" title="2369-05-02 10:03:40 UTC">Fri May 2nd, 2369 at 10:03</time>

<details><summary>Tool use: SendUserFile — Shared files</summary>

```json
{
  "caption": "Malfunction durations",
  "files": [
    "/home/claude/holodeck_chart.png"
  ],
  "status": "normal"
}
```
</details>

</div>

<div id="m-0b7611f6-9c48-8ba8-b723-964537117866" data-section-uuid="0b7611f6-9c48-8ba8-b723-964537117866" class="msg msg--claude">

## <span class="msg-author">claude-opus-4-7</span> <time class="msg-ts" datetime="2369-05-02T10:03:41+00:00" title="2369-05-02 10:03:41 UTC">Fri May 2nd, 2369 at 10:03</time>

<details><summary>Tool result: SendUserFile</summary>

```
Sent 1 file.
```

</details>

</div>

</details>

<div id="m-0b7611f6-bf70-817b-b650-a050ac6355c0" data-section-uuid="0b7611f6-bf70-817b-b650-a050ac6355c0" class="msg msg--claude">

## <span class="msg-author">claude-opus-4-7</span> <time class="msg-ts" datetime="2369-05-02T10:03:50+00:00" title="2369-05-02 10:03:50 UTC">Fri May 2nd, 2369 at 10:03</time>

Here is the chart, and the script that drew it.

📎 *[holodeck_chart.py (not yet fetched)]*

</div>

<div id="m-0b7611f7-d0e0-8b65-96d6-14d670429405" data-section-uuid="0b7611f7-d0e0-8b65-96d6-14d670429405" class="msg msg--claude">

## <span class="msg-author">Human</span> <time class="msg-ts" datetime="2369-05-02T10:05:00+00:00" title="2369-05-02 10:05:00 UTC">Fri May 2nd, 2369 at 10:05</time>

Here is the away team report and two photos from the holodeck. What do they show?

🖼 *[arch.png (not yet fetched)]*

🖼 *[sherwood.png (not yet fetched)]*

📎 *[Away Team Report.pdf (not yet fetched)]*

</div>

<details class="branch">
<summary>✎ Another version · 4 messages</summary>

<div id="m-0b7611f7-e468-8c50-ba92-cb796e2cd8ef" data-section-uuid="0b7611f7-e468-8c50-ba92-cb796e2cd8ef" class="msg msg--claude">

## <span class="msg-author">claude-opus-4-7</span> <time class="msg-ts" datetime="2369-05-02T10:05:05+00:00" title="2369-05-02 10:05:05 UTC">Fri May 2nd, 2369 at 10:05</time>

<details><summary>Thinking</summary>

> Read the report first.

</details>

</div>

<details class="tool-group">
<summary>🛠 2 tool steps</summary>

<div id="m-0b7611f7-f7f0-804c-9a96-bf9a1da24b4f" data-section-uuid="0b7611f7-f7f0-804c-9a96-bf9a1da24b4f" class="msg msg--claude">

## <span class="msg-author">claude-opus-4-7</span> <time class="msg-ts" datetime="2369-05-02T10:05:10+00:00" title="2369-05-02 10:05:10 UTC">Fri May 2nd, 2369 at 10:05</time>

<details><summary>Tool use: Read — Read a file</summary>

Read `/mnt/user-data/uploads/Away Team Report.pdf`
</details>

</div>

<div id="m-0b7611f7-fbd8-8790-bbe0-d6e5653ebe87" data-section-uuid="0b7611f7-fbd8-8790-bbe0-d6e5653ebe87" class="msg msg--claude">

## <span class="msg-author">claude-opus-4-7</span> <time class="msg-ts" datetime="2369-05-02T10:05:11+00:00" title="2369-05-02 10:05:11 UTC">Fri May 2nd, 2369 at 10:05</time>

<details><summary>Tool result: Read</summary>

```
All crew accounted for.
```

</details>

</div>

</details>

<div id="m-0b7611f8-4610-84f9-91e4-10a3ca360578" data-section-uuid="0b7611f8-4610-84f9-91e4-10a3ca360578" class="msg msg--claude">

## <span class="msg-author">claude-opus-4-7</span> <time class="msg-ts" datetime="2369-05-02T10:05:30+00:00" title="2369-05-02 10:05:30 UTC">Fri May 2nd, 2369 at 10:05</time>

The report says all crew are accounted for; the photos show the holodeck arch and Sherwood Forest.

</div>

</details>

<div id="m-0b7611f8-bb40-8113-886b-a60954adcabe" data-section-uuid="0b7611f8-bb40-8113-886b-a60954adcabe" class="msg msg--claude">

## <span class="msg-author">claude-opus-4-7</span> <time class="msg-ts" datetime="2369-05-02T10:06:00+00:00" title="2369-05-02 10:06:00 UTC">Fri May 2nd, 2369 at 10:06</time>

A second look: the arch is the holodeck's exit, and the forest is the Robin Hood program.

</div>


=== claude_export/render_markdown/00000000-0000-83ab-b990-357eea87eda5/all.md ===
---
title: "Claude Project · Stellar Cartography"
provider: claude
source_label: "Claude"
chat_uuid: 00000000-0000-83ab-b990-357eea87eda5
markdown_uuid: 00000000-0000-83ab-b990-357eea87eda5
period: all
display: "Stellar Cartography"
account: "jlpicard@enterprise.starfleet.test"
project: "Stellar Cartography"
external_id: "70000002-1701-4d00-8000-000000000702"
item_count: 3
---

<h1 class="page-title" data-page-title-uuid="00000000-0000-83ab-b990-357eea87eda5">Claude Project · Stellar Cartography <a class="source-link" href="https://claude.ai/project/70000002-1701-4d00-8000-000000000702" target="_blank" rel="noopener noreferrer">↗</a></h1>

<div id="m-00000000-0000-8d8c-ac00-6fb14cf03f13" data-section-uuid="00000000-0000-8d8c-ac00-6fb14cf03f13" class="msg msg--claude">

## <span class="msg-author">Description</span> <span class="msg-ts">(no timestamp)</span>

Scratch project for charting questions. Carries no timestamps: the export omitted created_at and updated_at, which is the shape this fixture exists to pin.

</div>

<div id="m-00000000-0000-8257-a6d5-e3a1abb07521" data-section-uuid="00000000-0000-8257-a6d5-e3a1abb07521" class="msg msg--claude">

## <span class="msg-author">Custom instructions</span> <span class="msg-ts">(no timestamp)</span>

Answer as a stellar cartographer. Give coordinates in standard galactic form and say when a reading is extrapolated rather than measured.

</div>

<div id="m-00000000-0000-8b92-8710-5185e38f81da" data-section-uuid="00000000-0000-8b92-8710-5185e38f81da" class="msg msg--claude">

## <span class="msg-author">charting-conventions.md</span> <span class="msg-ts">(no timestamp)</span>

# Charting conventions

Bearings are given from the ship's current heading, not from galactic north.

- Sector designations use the Federation catalogue number, never the local name.
- An extrapolated position is written in parentheses.


</div>


=== claude_export/render_markdown/00000000-0000-84d9-a07c-75bb3c93c654/all.md ===
---
title: "Poisoned: a message with an unreadable stamp"
provider: claude
source_label: "Claude"
chat_uuid: 00000000-0000-84d9-a07c-75bb3c93c654
markdown_uuid: 00000000-0000-84d9-a07c-75bb3c93c654
period: all
display: "Poisoned: a message with an unreadable stamp"
account: "jlpicard@enterprise.starfleet.test"
external_id: "c0000006-1701-4d00-8000-00000000c006"
item_count: 2
---

<h1 class="page-title" data-page-title-uuid="00000000-0000-84d9-a07c-75bb3c93c654">Poisoned: a message with an unreadable stamp <a class="source-link" href="https://claude.ai/chat/c0000006-1701-4d00-8000-00000000c006" target="_blank" rel="noopener noreferrer">↗</a></h1>

<div id="m-0b75c4b3-d900-834f-9ccd-cd06aca1f1fc" data-section-uuid="0b75c4b3-d900-834f-9ccd-cd06aca1f1fc" class="msg msg--claude">

## <span class="msg-author">Human</span> <time class="msg-ts" datetime="2369-04-17T10:00:00+00:00" title="2369-04-17 10:00:00 UTC">Thu Apr 17th, 2369 at 10:00</time>

Computer, what stardate is it?

</div>

<div id="m-0b75c4b3-d900-8d40-884b-e9cdda2faccb" data-section-uuid="0b75c4b3-d900-8d40-884b-e9cdda2faccb" class="msg msg--claude">

## <span class="msg-author">claude-opus-4-7</span> <time class="msg-ts" datetime="2369-04-17T10:00:00+00:00" title="2369-04-17 10:00:00 UTC">Thu Apr 17th, 2369 at 10:00</time>

Stardate 47988.1. The chronometer is on ship's time.

</div>


=== claude_export/render_markdown/00000000-0000-856b-944c-412bf8dca640/all.md ===
---
title: "Klingon Diplomatic Greeting Drafting"
provider: claude
source_label: "Claude"
chat_uuid: 00000000-0000-856b-944c-412bf8dca640
markdown_uuid: 00000000-0000-856b-944c-412bf8dca640
period: all
display: "Klingon Diplomatic Greeting Drafting"
account: "jlpicard@enterprise.starfleet.test"
project: "Bridge Operations"
external_id: "c0000003-1701-4d00-8000-00000000c003"
item_count: 4
---

<h1 class="page-title" data-page-title-uuid="00000000-0000-856b-944c-412bf8dca640">Klingon Diplomatic Greeting Drafting <a class="source-link" href="https://claude.ai/chat/c0000003-1701-4d00-8000-00000000c003" target="_blank" rel="noopener noreferrer">↗</a></h1>

<div id="m-0b75b540-c500-844a-b73a-e6dbe1ab76d7" data-section-uuid="0b75b540-c500-844a-b73a-e6dbe1ab76d7" class="msg msg--claude">

## <span class="msg-author">Human</span> <time class="msg-ts" datetime="2369-04-14T10:00:00+00:00" title="2369-04-14 10:00:00 UTC">Mon Apr 14th, 2369 at 10:00</time>

Look up the Klingon greeting "nuqneH" and propose a respectful opening line for a diplomatic dispatch to Chancellor K'mpec.

</div>

<div id="m-0b75b541-3a30-89b3-8db9-add265c34f05" data-section-uuid="0b75b541-3a30-89b3-8db9-add265c34f05" class="msg msg--claude">

## <span class="msg-author">claude-opus-4-7</span> <time class="msg-ts" datetime="2369-04-14T10:00:30+00:00" title="2369-04-14 10:00:30 UTC">Mon Apr 14th, 2369 at 10:00</time>

<details><summary>Thinking</summary>

> "nuqneH" literally means "what do you want" — it's blunt by Federation standards but standard among Klingons. I should fetch a phrasebook to confirm register before recommending an opening.

</details>

</div>

<details class="tool-group">
<summary>🛠 1 tool step</summary>

<div id="m-0b75b541-4200-8abc-b9a3-3edad069d109" data-section-uuid="0b75b541-4200-8abc-b9a3-3edad069d109" class="msg msg--claude">

## <span class="msg-author">claude-opus-4-7</span> <time class="msg-ts" datetime="2369-04-14T10:00:32+00:00" title="2369-04-14 10:00:32 UTC">Mon Apr 14th, 2369 at 10:00</time>

<details><summary>Tool use: web_fetch — Fetching: Klingon language reference</summary>

```json
{
  "url": "https://memory-alpha.test/wiki/Klingon_language"
}
```
</details>

</div>

</details>

<div id="m-0b75b541-af60-8133-840a-94a11a820014" data-section-uuid="0b75b541-af60-8133-840a-94a11a820014" class="msg msg--claude">

## <span class="msg-author">claude-opus-4-7</span> <time class="msg-ts" datetime="2369-04-14T10:01:00+00:00" title="2369-04-14 10:01:00 UTC">Mon Apr 14th, 2369 at 10:01</time>

For a dispatch to Chancellor K'mpec, open with "qaleghneS, Chancellor — nuqneH?" ("I am honored to see you — what do you want?"). The honorific softens the bluntness of nuqneH; together they read as warm-but-direct, which Klingons respect.

</div>

<details class="tool-group">
<summary>🛠 1 tool step</summary>

<div id="m-0b75b541-af60-82f7-81e2-1e2ddb2e59d8" data-section-uuid="0b75b541-af60-82f7-81e2-1e2ddb2e59d8" class="msg msg--claude">

## <span class="msg-author">claude-opus-4-7</span> <time class="msg-ts" datetime="2369-04-14T10:01:00+00:00" title="2369-04-14 10:01:00 UTC">Mon Apr 14th, 2369 at 10:01</time>

<details><summary>Tool result: web_fetch</summary>

```json
{
  "is_missing": false,
  "metadata": {
    "site_domain": "memory-alpha.test"
  },
  "text": "nuqneH (lit. \"what do you want\") is the standard Klingon greeting. In formal diplomatic contexts it is paired with the honorific \"qaleghneS\" (\"I am honored to see you\").",
  "title": "Klingon language — Memory Alpha (test mirror)",
  "type": "knowledge",
  "url": "https://memory-alpha.test/wiki/Klingon_language"
}
```

</details>

</div>

</details>

<div id="m-0b75b542-99c0-8ce5-a073-36e7fde35cde" data-section-uuid="0b75b542-99c0-8ce5-a073-36e7fde35cde" class="msg msg--claude">

## <span class="msg-author">Human</span> <time class="msg-ts" datetime="2369-04-14T10:02:00+00:00" title="2369-04-14 10:02:00 UTC">Mon Apr 14th, 2369 at 10:02</time>

Perfect. Make it so.

</div>


=== claude_export/render_markdown/00000000-0000-8731-b6c5-2d66a2c4265c/all.md ===
---
title: "Warp Field Recalibration"
provider: claude
source_label: "Claude"
chat_uuid: 00000000-0000-8731-b6c5-2d66a2c4265c
markdown_uuid: 00000000-0000-8731-b6c5-2d66a2c4265c
period: all
display: "Warp Field Recalibration"
account: "jlpicard@enterprise.starfleet.test"
external_id: "c0000007-1701-4d00-8000-00000000c007"
item_count: 6
---

<h1 class="page-title" data-page-title-uuid="00000000-0000-8731-b6c5-2d66a2c4265c">Warp Field Recalibration <a class="source-link" href="https://claude.ai/chat/c0000007-1701-4d00-8000-00000000c007" target="_blank" rel="noopener noreferrer">↗</a></h1>

<div id="m-0b75c9a3-4680-8f18-9b74-f1de68268d1d" data-section-uuid="0b75c9a3-4680-8f18-9b74-f1de68268d1d" class="msg msg--claude">

## <span class="msg-author">Human</span> <time class="msg-ts" datetime="2369-04-18T09:00:00+00:00" title="2369-04-18 09:00:00 UTC">Fri Apr 18th, 2369 at 09:00</time>

Geordi, how far can we push the warp field before the nacelles complain?

</div>

<details class="tool-group">
<summary>🛠 2 tool steps</summary>

<div id="m-0b75c9a3-5a08-8fec-97d8-d163ce521717" data-section-uuid="0b75c9a3-5a08-8fec-97d8-d163ce521717" class="msg msg--claude">

## <span class="msg-author">claude-opus-4-7</span> <time class="msg-ts" datetime="2369-04-18T09:00:05+00:00" title="2369-04-18 09:00:05 UTC">Fri Apr 18th, 2369 at 09:00</time>

<details><summary>Tool use: web_search — Searching the web</summary>

```json
{
  "query": "Galaxy class maximum sustainable warp"
}
```
</details>

</div>

<div id="m-0b75c9a3-65c0-88ab-a3e5-89b60c21f729" data-section-uuid="0b75c9a3-65c0-88ab-a3e5-89b60c21f729" class="msg msg--claude">

## <span class="msg-author">claude-opus-4-7</span> <time class="msg-ts" datetime="2369-04-18T09:00:08+00:00" title="2369-04-18 09:00:08 UTC">Fri Apr 18th, 2369 at 09:00</time>

<details><summary>Tool result: web_search</summary>

- [Warp factor](https://memory-alpha.test/wiki/Warp_factor) — Memory Alpha
- [Galaxy class propulsion](https://tech-manual.test/ncc-1701-d/propulsion) — Starfleet Technical Manual

</details>

</div>

</details>

<div id="m-0b75c9a3-94a0-89c6-b27b-e588f8d0b997" data-section-uuid="0b75c9a3-94a0-89c6-b27b-e588f8d0b997" class="msg msg--claude">

## <span class="msg-author">claude-opus-4-7</span> <time class="msg-ts" datetime="2369-04-18T09:00:20+00:00" title="2369-04-18 09:00:20 UTC">Fri Apr 18th, 2369 at 09:00</time>

Sustained warp 9.2 is the rated ceiling; the nacelles tolerate 9.6 for about twelve hours before the coils need a full recalibration.

**Sources**

1. [Warp factor](https://memory-alpha.test/wiki/Warp_factor) — Memory Alpha
2. [Galaxy class propulsion](https://tech-manual.test/ncc-1701-d/propulsion) — Starfleet Technical Manual
3. [Warp coil](https://memory-alpha.test/wiki/Warp_coil) — Memory Alpha

</div>

<details class="branch">
<summary>✎ Another version · 2 messages</summary>

<div id="m-0b75c9a4-30e0-8bd1-a2ad-d47516561b38" data-section-uuid="0b75c9a4-30e0-8bd1-a2ad-d47516561b38" class="msg msg--claude">

## <span class="msg-author">Human</span> <time class="msg-ts" datetime="2369-04-18T09:01:00+00:00" title="2369-04-18 09:01:00 UTC">Fri Apr 18th, 2369 at 09:01</time>

Give me the coil efficiencies as a table.

</div>

<div id="m-0b75c9a4-57f0-882c-9555-81a83be27d89" data-section-uuid="0b75c9a4-57f0-882c-9555-81a83be27d89" class="msg msg--claude">

## <span class="msg-author">claude-opus-4-7</span> <time class="msg-ts" datetime="2369-04-18T09:01:10+00:00" title="2369-04-18 09:01:10 UTC">Fri Apr 18th, 2369 at 09:01</time>

This answer was left behind when the question was edited.

</div>

</details>

<div id="m-0b75c9a5-1b40-8e11-8da0-3daa248fd980" data-section-uuid="0b75c9a5-1b40-8e11-8da0-3daa248fd980" class="msg msg--claude">

## <span class="msg-author">Human</span> <time class="msg-ts" datetime="2369-04-18T09:02:00+00:00" title="2369-04-18 09:02:00 UTC">Fri Apr 18th, 2369 at 09:02</time>

Write me a script that checks these coil readings.

**[attachment: Pasted text]**
> Coil 1: 98.2%
> Coil 2: 97.1%


</div>

<details class="tool-group">
<summary>🛠 6 tool steps</summary>

<div id="m-0b75c9a5-2ec8-8b5f-a673-dfcdde1f92c4" data-section-uuid="0b75c9a5-2ec8-8b5f-a673-dfcdde1f92c4" class="msg msg--claude">

## <span class="msg-author">claude-opus-4-7</span> <time class="msg-ts" datetime="2369-04-18T09:02:05+00:00" title="2369-04-18 09:02:05 UTC">Fri Apr 18th, 2369 at 09:02</time>

<details><summary>Tool use: artifacts — Creating the coil check</summary>

Create artifact: **Coil check** (`application/vnd.ant.code`)

````python
"""Coil check for the Enterprise-D."""
REPORT = """
```
warp 9.6 for 12h
```
"""

def ok(efficiency):
    return efficiency >= 97.5
````
</details>

</div>

<div id="m-0b75c9a5-32b0-807a-8fb8-7d339dddae0f" data-section-uuid="0b75c9a5-32b0-807a-8fb8-7d339dddae0f" class="msg msg--claude">

## <span class="msg-author">claude-opus-4-7</span> <time class="msg-ts" datetime="2369-04-18T09:02:06+00:00" title="2369-04-18 09:02:06 UTC">Fri Apr 18th, 2369 at 09:02</time>

<details><summary>Tool result: artifacts</summary>

```
OK
```

</details>

</div>

<div id="m-0b75c9a5-4250-8473-95f1-58b02b56f728" data-section-uuid="0b75c9a5-4250-8473-95f1-58b02b56f728" class="msg msg--claude">

## <span class="msg-author">claude-opus-4-7</span> <time class="msg-ts" datetime="2369-04-18T09:02:10+00:00" title="2369-04-18 09:02:10 UTC">Fri Apr 18th, 2369 at 09:02</time>

<details><summary>Tool use: artifacts — Raising the threshold</summary>

Update artifact: **coil_check**

Replace:

```
97.5
```

with:

```
98.0
```
</details>

</div>

<div id="m-0b75c9a5-55d8-894e-b80c-32b4e60f024c" data-section-uuid="0b75c9a5-55d8-894e-b80c-32b4e60f024c" class="msg msg--claude">

## <span class="msg-author">claude-opus-4-7</span> <time class="msg-ts" datetime="2369-04-18T09:02:15+00:00" title="2369-04-18 09:02:15 UTC">Fri Apr 18th, 2369 at 09:02</time>

<details><summary>Tool use: create_file — Writing the report</summary>

Create `/mnt/user-data/outputs/coil_report.md` — Coil report for the chief engineer

```markdown
# Coil report

Coil 2 is below threshold.
```
</details>

</div>

<div id="m-0b75c9a5-6960-848b-9646-55c304cdc6b6" data-section-uuid="0b75c9a5-6960-848b-9646-55c304cdc6b6" class="msg msg--claude">

## <span class="msg-author">claude-opus-4-7</span> <time class="msg-ts" datetime="2369-04-18T09:02:20+00:00" title="2369-04-18 09:02:20 UTC">Fri Apr 18th, 2369 at 09:02</time>

<details><summary>Tool use: bash_tool — Running the check</summary>

Check coil 2 against the threshold

```bash
python3 coil_check.py --coil 2
```
</details>

</div>

<div id="m-0b75c9a5-7ce8-84c5-85b2-0f9acb783056" data-section-uuid="0b75c9a5-7ce8-84c5-85b2-0f9acb783056" class="msg msg--claude">

## <span class="msg-author">claude-opus-4-7</span> <time class="msg-ts" datetime="2369-04-18T09:02:25+00:00" title="2369-04-18 09:02:25 UTC">Fri Apr 18th, 2369 at 09:02</time>

<details><summary>Tool result: bash_tool</summary>

```
coil 2: 97.1% (below 98.0%)
```

</details>

</div>

</details>

<div id="m-0b75c9a5-9070-8696-9347-ca9d80ad72ef" data-section-uuid="0b75c9a5-9070-8696-9347-ca9d80ad72ef" class="msg msg--claude">

## <span class="msg-author">claude-opus-4-7</span> <time class="msg-ts" datetime="2369-04-18T09:02:30+00:00" title="2369-04-18 09:02:30 UTC">Fri Apr 18th, 2369 at 09:02</time>

Coil 2 is under threshold; schedule it for recalibration.

</div>


=== claude_export/render_markdown/00000000-0000-882d-b21e-5e54f3f20dbb/all.md ===
---
title: "Borg Encryption Signature Lookup"
provider: claude
source_label: "Claude"
chat_uuid: 00000000-0000-882d-b21e-5e54f3f20dbb
markdown_uuid: 00000000-0000-882d-b21e-5e54f3f20dbb
period: all
display: "Borg Encryption Signature Lookup"
account: "jlpicard@enterprise.starfleet.test"
external_id: "c0000005-1701-4d00-8000-00000000c005"
item_count: 2
---

<h1 class="page-title" data-page-title-uuid="00000000-0000-882d-b21e-5e54f3f20dbb">Borg Encryption Signature Lookup <a class="source-link" href="https://claude.ai/chat/c0000005-1701-4d00-8000-00000000c005" target="_blank" rel="noopener noreferrer">↗</a></h1>

<div id="m-0b75bf56-8e80-873d-9a5d-3ddfc58937d2" data-section-uuid="0b75bf56-8e80-873d-9a5d-3ddfc58937d2" class="msg msg--claude">

## <span class="msg-author">Human</span> <time class="msg-ts" datetime="2369-04-16T09:00:00+00:00" title="2369-04-16 09:00:00 UTC">Wed Apr 16th, 2369 at 09:00</time>

Look up the Borg adaptive-shield signature 7-of-9-alpha and tell me if we have a counter on file.

</div>

<details class="tool-group">
<summary>🛠 2 tool steps</summary>

<div id="m-0b75bf56-b590-8b25-9363-cf22e1614c34" data-section-uuid="0b75bf56-b590-8b25-9363-cf22e1614c34" class="msg msg--claude">

## <span class="msg-author">claude-opus-4-7</span> <time class="msg-ts" datetime="2369-04-16T09:00:10+00:00" title="2369-04-16 09:00:10 UTC">Wed Apr 16th, 2369 at 09:00</time>

<details><summary>Tool use: starfleet_db_query — Querying Starfleet tactical DB</summary>

```json
{
  "signature": "7-of-9-alpha",
  "table": "borg_shield_signatures"
}
```
</details>

</div>

<div id="m-0b75bf57-03b0-8ae2-8e8d-933c699552d0" data-section-uuid="0b75bf57-03b0-8ae2-8e8d-933c699552d0" class="msg msg--claude">

## <span class="msg-author">claude-opus-4-7</span> <time class="msg-ts" datetime="2369-04-16T09:00:30+00:00" title="2369-04-16 09:00:30 UTC">Wed Apr 16th, 2369 at 09:00</time>

<details><summary>Tool use: starfleet_db_query — Retrying via backup relay</summary>

```json
{
  "relay": "backup-2",
  "signature": "7-of-9-alpha",
  "table": "borg_shield_signatures"
}
```
</details>

</div>

</details>

<div id="m-0b75bf57-ee10-8817-80c1-39e86d09a4c8" data-section-uuid="0b75bf57-ee10-8817-80c1-39e86d09a4c8" class="msg msg--claude">

## <span class="msg-author">claude-opus-4-7</span> <time class="msg-ts" datetime="2369-04-16T09:01:30+00:00" title="2369-04-16 09:01:30 UTC">Wed Apr 16th, 2369 at 09:01</time>

Yes — we have a counter on file. Rotating phaser modulation at 257.4 MHz (±0.6) gives roughly two effective rounds before the Borg re-adapt. Recommend pre-loading the rotation pattern before engagement.

</div>

<details class="tool-group">
<summary>🛠 2 tool steps</summary>

<div id="m-0b75bf57-ee10-858a-8e3e-f9340282d61b" data-section-uuid="0b75bf57-ee10-858a-8e3e-f9340282d61b" class="msg msg--claude">

## <span class="msg-author">claude-opus-4-7</span> <time class="msg-ts" datetime="2369-04-16T09:01:30+00:00" title="2369-04-16 09:01:30 UTC">Wed Apr 16th, 2369 at 09:01</time>

<details><summary>Tool result: starfleet_db_query (error)</summary>

```
ERROR: connection to tactical-db.sf.test refused (subspace relay 4 offline)
```
</details>

</div>

<div id="m-0b75bf57-ee10-8544-980b-3dc7c47ea618" data-section-uuid="0b75bf57-ee10-8544-980b-3dc7c47ea618" class="msg msg--claude">

## <span class="msg-author">claude-opus-4-7</span> <time class="msg-ts" datetime="2369-04-16T09:01:30+00:00" title="2369-04-16 09:01:30 UTC">Wed Apr 16th, 2369 at 09:01</time>

<details><summary>Tool result: starfleet_db_query</summary>

```
Signature 7-of-9-alpha registered 2368-11-02. Counter: rotating phaser modulation 257.4 MHz ± 0.6. Effective rounds: 2 before re-adaptation.
```

</details>

</div>

</details>


=== claude_export/render_markdown/00000000-0000-8b06-828d-f59d39f6190d/all.md ===
---
title: "Tricorder Image Diagnostic"
provider: claude
source_label: "Claude"
chat_uuid: 00000000-0000-8b06-828d-f59d39f6190d
markdown_uuid: 00000000-0000-8b06-828d-f59d39f6190d
period: all
display: "Tricorder Image Diagnostic"
account: "bcrusher@enterprise.starfleet.test"
external_id: "c0000004-1701-4d00-8000-00000000c004"
item_count: 2
---

<h1 class="page-title" data-page-title-uuid="00000000-0000-8b06-828d-f59d39f6190d">Tricorder Image Diagnostic <a class="source-link" href="https://claude.ai/chat/c0000004-1701-4d00-8000-00000000c004" target="_blank" rel="noopener noreferrer">↗</a></h1>

<div id="m-0b75ba14-bb40-877f-bf26-28fc93d65eef" data-section-uuid="0b75ba14-bb40-877f-bf26-28fc93d65eef" class="msg msg--claude">

## <span class="msg-author">Human</span> <time class="msg-ts" datetime="2369-04-15T08:30:00+00:00" title="2369-04-15 08:30:00 UTC">Tue Apr 15th, 2369 at 08:30</time>

What's wrong with this medical-tricorder readout?

🖼 *[tricorder-readout.png (not yet fetched)]*

</div>

<div id="m-0b75ba15-6b08-8219-b2c7-ab8a5d6bab33" data-section-uuid="0b75ba15-6b08-8219-b2c7-ab8a5d6bab33" class="msg msg--claude">

## <span class="msg-author">claude-opus-4-7</span> <time class="msg-ts" datetime="2369-04-15T08:30:45+00:00" title="2369-04-15 08:30:45 UTC">Tue Apr 15th, 2369 at 08:30</time>

The readout shows elevated isoboramine (62 ng/mL; reference 35–40) and depressed serotonin uptake. Consistent with early-stage Vulcan neuro-pressure deficit. Recommend mind-meld therapy at 24h intervals.

</div>


=== claude_export/render_markdown/00000000-0000-8da1-84c9-7ed998e5bd85/all.md ===
---
title: "Claude Project · Bridge Operations"
provider: claude
source_label: "Claude"
chat_uuid: 00000000-0000-8da1-84c9-7ed998e5bd85
markdown_uuid: 00000000-0000-8da1-84c9-7ed998e5bd85
period: all
display: "Bridge Operations"
account: "jlpicard@enterprise.starfleet.test"
project: "Bridge Operations"
external_id: "70000001-1701-4d00-8000-000000000701"
item_count: 4
---

<h1 class="page-title" data-page-title-uuid="00000000-0000-8da1-84c9-7ed998e5bd85">Claude Project · Bridge Operations <a class="source-link" href="https://claude.ai/project/70000001-1701-4d00-8000-000000000701" target="_blank" rel="noopener noreferrer">↗</a></h1>

<div id="m-0b5016d5-ce80-8aa2-8c03-406059b607f4" data-section-uuid="0b5016d5-ce80-8aa2-8c03-406059b607f4" class="msg msg--claude">

## <span class="msg-author">Description</span> <time class="msg-ts" datetime="2364-03-01T09:00:00+00:00" title="2364-03-01 09:00:00 UTC">Sun Mar 1st, 2364 at 09:00</time>

Standing context for bridge-watch questions: ship status conventions, who to escalate to, and how to phrase a hail.

</div>

<div id="m-0b5016d5-ce80-8621-821c-1a2cc06a0e54" data-section-uuid="0b5016d5-ce80-8621-821c-1a2cc06a0e54" class="msg msg--claude">

## <span class="msg-author">Custom instructions</span> <time class="msg-ts" datetime="2364-03-01T09:00:00+00:00" title="2364-03-01 09:00:00 UTC">Sun Mar 1st, 2364 at 09:00</time>

Answer as a Starfleet operations officer. Cite the relevant General Order when one applies, and never speculate about Borg activity without a sensor reading.

</div>

<div id="m-0b5016da-6260-8886-8e62-6aec56734bbd" data-section-uuid="0b5016da-6260-8886-8e62-6aec56734bbd" class="msg msg--claude">

## <span class="msg-author">hailing-frequencies.md</span> <time class="msg-ts" datetime="2364-03-01T09:05:00+00:00" title="2364-03-01 09:05:00 UTC">Sun Mar 1st, 2364 at 09:05</time>

# Hailing frequencies

Open on subspace band 3 unless the target is cloaked.

- Klingon vessels: lead with rank, then ship name.
- Romulan vessels: do not open first.


</div>

<div id="m-0b501c85-7ec0-8425-8204-a6321b1bfd7f" data-section-uuid="0b501c85-7ec0-8425-8204-a6321b1bfd7f" class="msg msg--claude">

## <span class="msg-author">escalation-ladder.txt</span> <time class="msg-ts" datetime="2364-03-02T11:30:00+00:00" title="2364-03-02 11:30:00 UTC">Mon Mar 2nd, 2364 at 11:30</time>

Ops -> Tactical (Worf) -> First Officer (Riker) -> Captain (Picard).
Medical emergencies route directly to Sickbay (Crusher).


</div>
