---
source: frankweiler/backend/etl/providers/hermes/tests/hermes_render.rs
expression: sbundle
---
=== hermes/rendered_md/2fd25af5-f2ca-5736-9a9d-cc6fd0d1be84/all.grid_rows.json ===
{
  "header": {
    "markdown_uuid": "2fd25af5-f2ca-5736-9a9d-cc6fd0d1be84",
    "source_fingerprint": "b37a1670fc3158baa026566f0759a2406e3ceb5ff35172758a203aabe7a6f0ee",
    "render_version": 1
  },
  "rows": [
    {
      "uuid": "2fd25af5-f2ca-5736-9a9d-cc6fd0d1be84",
      "provider": "hermes",
      "kind": "Chat",
      "source_label": "Hermes",
      "when_ts": "2026-09-21T14:16:40+00:00",
      "author": null,
      "account": null,
      "project": "openclaw",
      "org_uuid": null,
      "org_name": null,
      "channel": "Legacy reminder",
      "conversation_name": "Legacy reminder",
      "conversation_uuid": "2fd25af5-f2ca-5736-9a9d-cc6fd0d1be84",
      "message_index": null,
      "entire_chat": "/chat/2fd25af5-f2ca-5736-9a9d-cc6fd0d1be84",
      "text": "remind me to water the plants tomorrow\nReminder set for tomorrow.",
      "slack_link": null,
      "qmd_path": "hermes/rendered_md/2fd25af5-f2ca-5736-9a9d-cc6fd0d1be84/all.md",
      "source_url": null,
      "git_sha": null,
      "external_id": null,
      "notion_page_uuid": null,
      "notion_block_uuid": null,
      "markdown_uuid": "2fd25af5-f2ca-5736-9a9d-cc6fd0d1be84"
    },
    {
      "uuid": "8174d66c-8eaa-5993-bec9-453387860380",
      "provider": "hermes",
      "kind": "User Input",
      "source_label": "Hermes",
      "when_ts": "2026-09-21T14:16:40+00:00",
      "author": "User",
      "account": null,
      "project": "openclaw",
      "org_uuid": null,
      "org_name": null,
      "channel": "Legacy reminder",
      "conversation_name": "Legacy reminder",
      "conversation_uuid": "2fd25af5-f2ca-5736-9a9d-cc6fd0d1be84",
      "message_index": 0,
      "entire_chat": "/chat/2fd25af5-f2ca-5736-9a9d-cc6fd0d1be84",
      "text": "remind me to water the plants tomorrow",
      "slack_link": null,
      "qmd_path": "hermes/rendered_md/2fd25af5-f2ca-5736-9a9d-cc6fd0d1be84/all.md",
      "source_url": null,
      "git_sha": null,
      "external_id": null,
      "notion_page_uuid": null,
      "notion_block_uuid": null,
      "markdown_uuid": "2fd25af5-f2ca-5736-9a9d-cc6fd0d1be84"
    },
    {
      "uuid": "e8657bf9-a21f-596d-b3e2-e93219d8818a",
      "provider": "hermes",
      "kind": "LLM Response",
      "source_label": "Hermes",
      "when_ts": "2026-09-21T14:16:41+00:00",
      "author": "Assistant",
      "account": null,
      "project": "openclaw",
      "org_uuid": null,
      "org_name": null,
      "channel": "Legacy reminder",
      "conversation_name": "Legacy reminder",
      "conversation_uuid": "2fd25af5-f2ca-5736-9a9d-cc6fd0d1be84",
      "message_index": 1,
      "entire_chat": "/chat/2fd25af5-f2ca-5736-9a9d-cc6fd0d1be84",
      "text": "Reminder set for tomorrow.",
      "slack_link": null,
      "qmd_path": "hermes/rendered_md/2fd25af5-f2ca-5736-9a9d-cc6fd0d1be84/all.md",
      "source_url": null,
      "git_sha": null,
      "external_id": null,
      "notion_page_uuid": null,
      "notion_block_uuid": null,
      "markdown_uuid": "2fd25af5-f2ca-5736-9a9d-cc6fd0d1be84"
    }
  ]
}
=== hermes/rendered_md/56afc50e-f4b4-57d5-bf07-2f4edeee153a/all.grid_rows.json ===
{
  "header": {
    "markdown_uuid": "56afc50e-f4b4-57d5-bf07-2f4edeee153a",
    "source_fingerprint": "42bcfaeda9ff86c3ab204bded06ee8cc3fb140f80835edcc7b10dd9a965670e9",
    "render_version": 1
  },
  "rows": [
    {
      "uuid": "56afc50e-f4b4-57d5-bf07-2f4edeee153a",
      "provider": "hermes",
      "kind": "Chat",
      "source_label": "Hermes",
      "when_ts": "2026-09-21T14:13:21+00:00",
      "author": null,
      "account": "alice",
      "project": "cli",
      "org_uuid": null,
      "org_name": null,
      "channel": "Rename a file in bash",
      "conversation_name": "Rename a file in bash",
      "conversation_uuid": "56afc50e-f4b4-57d5-bf07-2f4edeee153a",
      "message_index": null,
      "entire_chat": "/chat/56afc50e-f4b4-57d5-bf07-2f4edeee153a",
      "text": "How do I rename a file in bash?\nUse `mv old_name new_name`.",
      "slack_link": null,
      "qmd_path": "hermes/rendered_md/56afc50e-f4b4-57d5-bf07-2f4edeee153a/all.md",
      "source_url": null,
      "git_sha": null,
      "external_id": null,
      "notion_page_uuid": null,
      "notion_block_uuid": null,
      "markdown_uuid": "56afc50e-f4b4-57d5-bf07-2f4edeee153a"
    },
    {
      "uuid": "6c59da91-2a95-5103-b1e5-a17592d8cd4d",
      "provider": "hermes",
      "kind": "User Input",
      "source_label": "Hermes",
      "when_ts": "2026-09-21T14:13:21+00:00",
      "author": "User",
      "account": "alice",
      "project": "cli",
      "org_uuid": null,
      "org_name": null,
      "channel": "Rename a file in bash",
      "conversation_name": "Rename a file in bash",
      "conversation_uuid": "56afc50e-f4b4-57d5-bf07-2f4edeee153a",
      "message_index": 0,
      "entire_chat": "/chat/56afc50e-f4b4-57d5-bf07-2f4edeee153a",
      "text": "How do I rename a file in bash?",
      "slack_link": null,
      "qmd_path": "hermes/rendered_md/56afc50e-f4b4-57d5-bf07-2f4edeee153a/all.md",
      "source_url": null,
      "git_sha": null,
      "external_id": null,
      "notion_page_uuid": null,
      "notion_block_uuid": null,
      "markdown_uuid": "56afc50e-f4b4-57d5-bf07-2f4edeee153a"
    },
    {
      "uuid": "435d9909-638c-5e01-9055-ae87e204442b",
      "provider": "hermes",
      "kind": "LLM Response",
      "source_label": "Hermes",
      "when_ts": "2026-09-21T14:13:22+00:00",
      "author": "anthropic/claude-sonnet-4",
      "account": "alice",
      "project": "cli",
      "org_uuid": null,
      "org_name": null,
      "channel": "Rename a file in bash",
      "conversation_name": "Rename a file in bash",
      "conversation_uuid": "56afc50e-f4b4-57d5-bf07-2f4edeee153a",
      "message_index": 1,
      "entire_chat": "/chat/56afc50e-f4b4-57d5-bf07-2f4edeee153a",
      "text": "Use `mv old_name new_name`.",
      "slack_link": null,
      "qmd_path": "hermes/rendered_md/56afc50e-f4b4-57d5-bf07-2f4edeee153a/all.md",
      "source_url": null,
      "git_sha": null,
      "external_id": null,
      "notion_page_uuid": null,
      "notion_block_uuid": null,
      "markdown_uuid": "56afc50e-f4b4-57d5-bf07-2f4edeee153a"
    }
  ]
}
=== hermes/rendered_md/de1981f0-5f22-5a75-8662-fa2625d450fb/all.grid_rows.json ===
{
  "header": {
    "markdown_uuid": "de1981f0-5f22-5a75-8662-fa2625d450fb",
    "source_fingerprint": "dea036dbe79278c05b0bd3e5619e0f6f7e16614718fc6405b29d9e7c35a2fa3e",
    "render_version": 1
  },
  "rows": [
    {
      "uuid": "de1981f0-5f22-5a75-8662-fa2625d450fb",
      "provider": "hermes",
      "kind": "Chat",
      "source_label": "Hermes",
      "when_ts": "2026-09-21T14:15:01+00:00",
      "author": null,
      "account": "alice",
      "project": "telegram",
      "org_uuid": null,
      "org_name": null,
      "channel": "Debug gateway",
      "conversation_name": "Debug gateway",
      "conversation_uuid": "de1981f0-5f22-5a75-8662-fa2625d450fb",
      "message_index": null,
      "entire_chat": "/chat/de1981f0-5f22-5a75-8662-fa2625d450fb",
      "text": "Why did the gateway fail?\nLet me check the logs.\n\n> The gateway likely crashed; inspect the most recent log lines before answering.\n\n**Tool calls:**\n\n```json\n[\n  {\n    \"arguments\": {\n      \"cmd\": \"tail -n 5 gateway.log\"\n    },\n    \"id\": \"call_1\",\n    \"name\": \"terminal\"\n  }\n]\n```\nERROR: bind: address already in use\nThe gateway port is already in use. Stop the other process and restart it.",
      "slack_link": null,
      "qmd_path": "hermes/rendered_md/de1981f0-5f22-5a75-8662-fa2625d450fb/all.md",
      "source_url": null,
      "git_sha": null,
      "external_id": "s_cli_001",
      "notion_page_uuid": null,
      "notion_block_uuid": null,
      "markdown_uuid": "de1981f0-5f22-5a75-8662-fa2625d450fb"
    },
    {
      "uuid": "55d9aea5-1b06-5bc6-9fb6-6ccc7d826e61",
      "provider": "hermes",
      "kind": "User Input",
      "source_label": "Hermes",
      "when_ts": "2026-09-21T14:15:01+00:00",
      "author": "User",
      "account": "alice",
      "project": "telegram",
      "org_uuid": null,
      "org_name": null,
      "channel": "Debug gateway",
      "conversation_name": "Debug gateway",
      "conversation_uuid": "de1981f0-5f22-5a75-8662-fa2625d450fb",
      "message_index": 0,
      "entire_chat": "/chat/de1981f0-5f22-5a75-8662-fa2625d450fb",
      "text": "Why did the gateway fail?",
      "slack_link": null,
      "qmd_path": "hermes/rendered_md/de1981f0-5f22-5a75-8662-fa2625d450fb/all.md",
      "source_url": null,
      "git_sha": null,
      "external_id": null,
      "notion_page_uuid": null,
      "notion_block_uuid": null,
      "markdown_uuid": "de1981f0-5f22-5a75-8662-fa2625d450fb"
    },
    {
      "uuid": "f5dd3bc1-1ee7-593a-858a-d4686fd14b10",
      "provider": "hermes",
      "kind": "LLM Response",
      "source_label": "Hermes",
      "when_ts": "2026-09-21T14:15:02+00:00",
      "author": "openai/gpt-5.5",
      "account": "alice",
      "project": "telegram",
      "org_uuid": null,
      "org_name": null,
      "channel": "Debug gateway",
      "conversation_name": "Debug gateway",
      "conversation_uuid": "de1981f0-5f22-5a75-8662-fa2625d450fb",
      "message_index": 1,
      "entire_chat": "/chat/de1981f0-5f22-5a75-8662-fa2625d450fb",
      "text": "Let me check the logs.\n\n> The gateway likely crashed; inspect the most recent log lines before answering.\n\n**Tool calls:**\n\n```json\n[\n  {\n    \"arguments\": {\n      \"cmd\": \"tail -n 5 gateway.log\"\n    },\n    \"id\": \"call_1\",\n    \"name\": \"terminal\"\n  }\n]\n```",
      "slack_link": null,
      "qmd_path": "hermes/rendered_md/de1981f0-5f22-5a75-8662-fa2625d450fb/all.md",
      "source_url": null,
      "git_sha": null,
      "external_id": null,
      "notion_page_uuid": null,
      "notion_block_uuid": null,
      "markdown_uuid": "de1981f0-5f22-5a75-8662-fa2625d450fb"
    },
    {
      "uuid": "8f682639-7a99-5f29-9999-fa1f1a2b666f",
      "provider": "hermes",
      "kind": "Tool Call",
      "source_label": "Hermes",
      "when_ts": "2026-09-21T14:15:03+00:00",
      "author": "terminal",
      "account": "alice",
      "project": "telegram",
      "org_uuid": null,
      "org_name": null,
      "channel": "Debug gateway",
      "conversation_name": "Debug gateway",
      "conversation_uuid": "de1981f0-5f22-5a75-8662-fa2625d450fb",
      "message_index": 2,
      "entire_chat": "/chat/de1981f0-5f22-5a75-8662-fa2625d450fb",
      "text": "ERROR: bind: address already in use",
      "slack_link": null,
      "qmd_path": "hermes/rendered_md/de1981f0-5f22-5a75-8662-fa2625d450fb/all.md",
      "source_url": null,
      "git_sha": null,
      "external_id": null,
      "notion_page_uuid": null,
      "notion_block_uuid": null,
      "markdown_uuid": "de1981f0-5f22-5a75-8662-fa2625d450fb"
    },
    {
      "uuid": "58f713c1-9325-5e2b-825f-db912c626c55",
      "provider": "hermes",
      "kind": "LLM Response",
      "source_label": "Hermes",
      "when_ts": "2026-09-21T14:15:05+00:00",
      "author": "openai/gpt-5.5",
      "account": "alice",
      "project": "telegram",
      "org_uuid": null,
      "org_name": null,
      "channel": "Debug gateway",
      "conversation_name": "Debug gateway",
      "conversation_uuid": "de1981f0-5f22-5a75-8662-fa2625d450fb",
      "message_index": 3,
      "entire_chat": "/chat/de1981f0-5f22-5a75-8662-fa2625d450fb",
      "text": "The gateway port is already in use. Stop the other process and restart it.",
      "slack_link": null,
      "qmd_path": "hermes/rendered_md/de1981f0-5f22-5a75-8662-fa2625d450fb/all.md",
      "source_url": null,
      "git_sha": null,
      "external_id": null,
      "notion_page_uuid": null,
      "notion_block_uuid": null,
      "markdown_uuid": "de1981f0-5f22-5a75-8662-fa2625d450fb"
    }
  ]
}
