---
source: datalib/backend/etl/providers/claude/tests/claude_render.rs
expression: bundle
---
=== claude_export/rendered_md/1c72c68f-86f5-577e-93a8-53e634460711/all.md ===
---
title: "Tricorder Image Diagnostic (all)"
provider: claude
source_label: "Claude"
chat_uuid: 1c72c68f-86f5-577e-93a8-53e634460711
markdown_uuid: 1c72c68f-86f5-577e-93a8-53e634460711
period: all
display: "Tricorder Image Diagnostic"
account: 00000003-1701-4d00-8000-000000000003
external_id: c0000004-1701-4d00-8000-00000000c004
item_count: 2
source_fingerprint: cd6722b38e3b823d31f4f41d863a603d9278c3356def7f24a3a184c20b0b8f79
---

<h1 class="page-title" data-page-title-uuid="1c72c68f-86f5-577e-93a8-53e634460711">Tricorder Image Diagnostic (all) <a class="source-link" href="https://claude.ai/chat/c0000004-1701-4d00-8000-00000000c004" target="_blank" rel="noopener noreferrer">↗</a></h1>

<div id="m-177b2d24-eea2-5f3b-b898-0ad84bbd7d50" data-section-uuid="177b2d24-eea2-5f3b-b898-0ad84bbd7d50" class="msg msg--claude">

## 2369-04-15 08:30:00 UTC — Human

What's wrong with this medical-tricorder readout?

🖼 *[tricorder-readout.png (not yet fetched)]*

</div>

<div id="m-0bdf2176-0b10-5cc3-b955-0a31599f6495" data-section-uuid="0bdf2176-0b10-5cc3-b955-0a31599f6495" class="msg msg--claude">

## 2369-04-15 08:30:45 UTC — claude-opus-4-7

The readout shows elevated isoboramine (62 ng/mL; reference 35–40) and depressed serotonin uptake. Consistent with early-stage Vulcan neuro-pressure deficit. Recommend mind-meld therapy at 24h intervals.

</div>


=== claude_export/rendered_md/2efdd321-ada2-5000-911f-feb635f27954/all.md ===
---
title: "Claude Project · Stellar Cartography (all)"
provider: claude
source_label: "Claude"
chat_uuid: 2efdd321-ada2-5000-911f-feb635f27954
markdown_uuid: 2efdd321-ada2-5000-911f-feb635f27954
period: all
display: "Stellar Cartography"
account: 00000002-1701-4d00-8000-000000000002
project: Stellar Cartography
external_id: 70000002-1701-4d00-8000-000000000702
item_count: 3
source_fingerprint: 4888cba9a0da884a586fb1e6d3b0ef49f377ef6a71543ae065f508966eae24e5
---

<h1 class="page-title" data-page-title-uuid="2efdd321-ada2-5000-911f-feb635f27954">Claude Project · Stellar Cartography (all) <a class="source-link" href="https://claude.ai/project/70000002-1701-4d00-8000-000000000702" target="_blank" rel="noopener noreferrer">↗</a></h1>

<div id="m-14cc724b-89ec-5740-84e3-07f0a01a17e7" data-section-uuid="14cc724b-89ec-5740-84e3-07f0a01a17e7" class="msg msg--claude">

## (no timestamp) — Description

Scratch project for charting questions. Carries no timestamps: the export omitted created_at and updated_at, which is the shape this fixture exists to pin.

</div>

<div id="m-e73bd39e-6538-5117-b6c2-0bdd7fccdc14" data-section-uuid="e73bd39e-6538-5117-b6c2-0bdd7fccdc14" class="msg msg--claude">

## (no timestamp) — Custom instructions

Answer as a stellar cartographer. Give coordinates in standard galactic form and say when a reading is extrapolated rather than measured.

</div>

<div id="m-0e22c340-4082-5e2f-8d9a-553feb522f41" data-section-uuid="0e22c340-4082-5e2f-8d9a-553feb522f41" class="msg msg--claude">

## (no timestamp) — charting-conventions.md

# Charting conventions

Bearings are given from the ship's current heading, not from galactic north.

- Sector designations use the Federation catalogue number, never the local name.
- An extrapolated position is written in parentheses.


</div>


=== claude_export/rendered_md/bc499d58-b6e7-50d0-8c94-28c0bcf6d5e0/all.md ===
---
title: "Claude Project · Bridge Operations (all)"
provider: claude
source_label: "Claude"
chat_uuid: bc499d58-b6e7-50d0-8c94-28c0bcf6d5e0
markdown_uuid: bc499d58-b6e7-50d0-8c94-28c0bcf6d5e0
period: all
display: "Bridge Operations"
account: 00000001-1701-4d00-8000-000000000001
project: Bridge Operations
external_id: 70000001-1701-4d00-8000-000000000701
item_count: 4
source_fingerprint: d4ed6a205d84191e5bdbdadce5829e70161652e006f4d3acafcf6e6e341fcdaa
---

<h1 class="page-title" data-page-title-uuid="bc499d58-b6e7-50d0-8c94-28c0bcf6d5e0">Claude Project · Bridge Operations (all) <a class="source-link" href="https://claude.ai/project/70000001-1701-4d00-8000-000000000701" target="_blank" rel="noopener noreferrer">↗</a></h1>

<div id="m-97a4b942-55cc-5277-bb12-ffd97e43dc5c" data-section-uuid="97a4b942-55cc-5277-bb12-ffd97e43dc5c" class="msg msg--claude">

## 2364-03-01 09:00:00 UTC — Description

Standing context for bridge-watch questions: ship status conventions, who to escalate to, and how to phrase a hail.

</div>

<div id="m-9a048a2e-8f15-5fd1-b686-aba2e9cad97e" data-section-uuid="9a048a2e-8f15-5fd1-b686-aba2e9cad97e" class="msg msg--claude">

## 2364-03-01 09:00:00 UTC — Custom instructions

Answer as a Starfleet operations officer. Cite the relevant General Order when one applies, and never speculate about Borg activity without a sensor reading.

</div>

<div id="m-92b18eb4-757f-5418-87da-f7e5e179b6b1" data-section-uuid="92b18eb4-757f-5418-87da-f7e5e179b6b1" class="msg msg--claude">

## 2364-03-01 09:05:00 UTC — hailing-frequencies.md

# Hailing frequencies

Open on subspace band 3 unless the target is cloaked.

- Klingon vessels: lead with rank, then ship name.
- Romulan vessels: do not open first.


</div>

<div id="m-d734b686-97ce-5e76-9ae0-02fbb6dfe60b" data-section-uuid="d734b686-97ce-5e76-9ae0-02fbb6dfe60b" class="msg msg--claude">

## 2364-03-02 11:30:00 UTC — escalation-ladder.txt

Ops -> Tactical (Worf) -> First Officer (Riker) -> Captain (Picard).
Medical emergencies route directly to Sickbay (Crusher).


</div>


=== claude_export/rendered_md/ecb57e3b-24ce-546b-9201-61bf610b0783/all.md ===
---
title: "Borg Encryption Signature Lookup (all)"
provider: claude
source_label: "Claude"
chat_uuid: ecb57e3b-24ce-546b-9201-61bf610b0783
markdown_uuid: ecb57e3b-24ce-546b-9201-61bf610b0783
period: all
display: "Borg Encryption Signature Lookup"
account: 00000001-1701-4d00-8000-000000000001
external_id: c0000005-1701-4d00-8000-00000000c005
item_count: 6
source_fingerprint: c116500eac4eda30ca3b28e89e7db495e02cfdb675e45620b23335e2bb9bdc91
---

<h1 class="page-title" data-page-title-uuid="ecb57e3b-24ce-546b-9201-61bf610b0783">Borg Encryption Signature Lookup (all) <a class="source-link" href="https://claude.ai/chat/c0000005-1701-4d00-8000-00000000c005" target="_blank" rel="noopener noreferrer">↗</a></h1>

<div id="m-5af2bc5c-dc8f-5f8b-9ffe-3b8959ef4b6d" data-section-uuid="5af2bc5c-dc8f-5f8b-9ffe-3b8959ef4b6d" class="msg msg--claude">

## 2369-04-16 09:00:00 UTC — Human

Look up the Borg adaptive-shield signature 7-of-9-alpha and tell me if we have a counter on file.

</div>

<div id="m-9dc4d9e5-8760-5b4b-8356-513ddde8a81c" data-section-uuid="9dc4d9e5-8760-5b4b-8356-513ddde8a81c" class="msg msg--claude">

## 2369-04-16 09:00:10 UTC — claude-opus-4-7

<details><summary>Tool use: starfleet_db_query — Querying Starfleet tactical DB</summary>

```json
{
  "signature": "7-of-9-alpha",
  "table": "borg_shield_signatures"
}
```
</details>

</div>

<div id="m-acf0598d-da86-50cb-83c0-81c168a3aaf6" data-section-uuid="acf0598d-da86-50cb-83c0-81c168a3aaf6" class="msg msg--claude">

## 2369-04-16 09:00:30 UTC — claude-opus-4-7

<details><summary>Tool use: starfleet_db_query — Retrying via backup relay</summary>

```json
{
  "relay": "backup-2",
  "signature": "7-of-9-alpha",
  "table": "borg_shield_signatures"
}
```
</details>

</div>

<div id="m-fd099005-053a-540e-a4fa-26c872b932bf" data-section-uuid="fd099005-053a-540e-a4fa-26c872b932bf" class="msg msg--claude">

## 2369-04-16 09:01:30 UTC — claude-opus-4-7

Yes — we have a counter on file. Rotating phaser modulation at 257.4 MHz (±0.6) gives roughly two effective rounds before the Borg re-adapt. Recommend pre-loading the rotation pattern before engagement.

</div>

<div id="m-8e186a5a-3834-5ae1-ad1d-00a786a6f02d" data-section-uuid="8e186a5a-3834-5ae1-ad1d-00a786a6f02d" class="msg msg--claude">

## 2369-04-16 09:01:30 UTC — claude-opus-4-7

<details><summary>Tool result: starfleet_db_query (error)</summary>

```
ERROR: connection to tactical-db.sf.test refused (subspace relay 4 offline)
```
</details>

</div>

<div id="m-455f3019-2de0-5b4c-ad87-68e8f1003e6b" data-section-uuid="455f3019-2de0-5b4c-ad87-68e8f1003e6b" class="msg msg--claude">

## 2369-04-16 09:01:30 UTC — claude-opus-4-7

<details><summary>Tool result: starfleet_db_query</summary>

Signature 7-of-9-alpha registered 2368-11-02. Counter: rotating phaser modulation 257.4 MHz ± 0.6. Effective rounds: 2 before re-adaptation.

</details>

</div>


=== claude_export/rendered_md/f6cad624-37b7-5673-af29-80ba9aac61a5/all.md ===
---
title: "Klingon Diplomatic Greeting Drafting (all)"
provider: claude
source_label: "Claude"
chat_uuid: f6cad624-37b7-5673-af29-80ba9aac61a5
markdown_uuid: f6cad624-37b7-5673-af29-80ba9aac61a5
period: all
display: "Klingon Diplomatic Greeting Drafting"
account: 00000001-1701-4d00-8000-000000000001
project: Bridge Operations
external_id: c0000003-1701-4d00-8000-00000000c003
item_count: 6
source_fingerprint: 479f9cb07bddda21a28faef2d32fe0931581d77b0a1dea67b03fd880884ae00c
---

<h1 class="page-title" data-page-title-uuid="f6cad624-37b7-5673-af29-80ba9aac61a5">Klingon Diplomatic Greeting Drafting (all) <a class="source-link" href="https://claude.ai/chat/c0000003-1701-4d00-8000-00000000c003" target="_blank" rel="noopener noreferrer">↗</a></h1>

<div id="m-ec2d712e-ffd8-5f3e-bfb1-291c371a8a18" data-section-uuid="ec2d712e-ffd8-5f3e-bfb1-291c371a8a18" class="msg msg--claude">

## 2369-04-14 10:00:00 UTC — Human

Look up the Klingon greeting "nuqneH" and propose a respectful opening line for a diplomatic dispatch to Chancellor K'mpec.

</div>

<div id="m-fba21d7b-ee94-5388-a431-83ab86883e1d" data-section-uuid="fba21d7b-ee94-5388-a431-83ab86883e1d" class="msg msg--claude">

## 2369-04-14 10:00:30 UTC — claude-opus-4-7

<details><summary>Thinking</summary>

> "nuqneH" literally means "what do you want" — it's blunt by Federation standards but standard among Klingons. I should fetch a phrasebook to confirm register before recommending an opening.

</details>

</div>

<div id="m-627106cd-9749-58b6-b3c3-081b7c5bd325" data-section-uuid="627106cd-9749-58b6-b3c3-081b7c5bd325" class="msg msg--claude">

## 2369-04-14 10:00:32 UTC — claude-opus-4-7

<details><summary>Tool use: web_fetch — Fetching: Klingon language reference</summary>

```json
{
  "url": "https://memory-alpha.test/wiki/Klingon_language"
}
```
</details>

</div>

<div id="m-db076984-1c8c-5f9c-95f3-49aff0ea4480" data-section-uuid="db076984-1c8c-5f9c-95f3-49aff0ea4480" class="msg msg--claude">

## 2369-04-14 10:01:00 UTC — claude-opus-4-7

For a dispatch to Chancellor K'mpec, open with "qaleghneS, Chancellor — nuqneH?" ("I am honored to see you — what do you want?"). The honorific softens the bluntness of nuqneH; together they read as warm-but-direct, which Klingons respect.

</div>

<div id="m-1657d974-f93f-5c85-92bb-789909cf6e41" data-section-uuid="1657d974-f93f-5c85-92bb-789909cf6e41" class="msg msg--claude">

## 2369-04-14 10:01:00 UTC — claude-opus-4-7

<details><summary>Tool result: web_fetch</summary>

```json
{
  "is_missing": false,
  "metadata": {
    "site_domain": "memory-alpha.test"
  },
  "text": "nuqneH (lit. \"what do you want\") is the standard Klingon greeting. In formal diplomatic contexts it is paired with the honorific \"qaleghneS\" (\"I am honored to see you\").",
  "title": "Klingon language — Memory Alpha (test mirror)",
  "type": "knowledge",
  "url": "https://memory-alpha.test/wiki/Klingon_language"
}
```

</details>

</div>

<div id="m-66adb1c8-8e2e-5b04-b2c5-5838f3b3ab9f" data-section-uuid="66adb1c8-8e2e-5b04-b2c5-5838f3b3ab9f" class="msg msg--claude">

## 2369-04-14 10:02:00 UTC — Human

Perfect. Make it so.

</div>
