---
source: datalib/backend/etl/providers/slack/tests/slack_render.rs
expression: rows
---
[
  {
    "account": "T_NCC1701D",
    "author": "Jean-Luc Picard",
    "channel": "#bridge",
    "conversation_name": "#bridge",
    "conversation_uuid": "0d19c789-9bb6-5f9e-9bf9-f9b3c85b2eba",
    "entire_chat": "/chat/0d19c789-9bb6-5f9e-9bf9-f9b3c85b2eba",
    "git_sha": null,
    "kind": "Slack Message",
    "markdown_uuid": "0d19c789-9bb6-5f9e-9bf9-f9b3c85b2eba",
    "message_index": 0,
    "notion_block_uuid": null,
    "notion_page_uuid": null,
    "org_name": null,
    "org_uuid": null,
    "project": null,
    "provider": "slack",
    "qmd_path": "slack_api/rendered_md/0d19c789-9bb6-5f9e-9bf9-f9b3c85b2eba/all.md",
    "slack_link": null,
    "source_label": "Slack",
    "source_url": "https://slack.com/archives/C_BRIDGE/p12604000100000100?team=T_NCC1701D",
    "text": "Mr. Data, status report.",
    "upstream_entity_kind": "message",
    "upstream_id": "C_BRIDGE#12604000100.000100",
    "upstream_scope": "T_NCC1701D",
    "uuid": "59f47f5f-2d07-53da-a9f5-a6f164c52d11",
    "when_ts": "2369-05-28T15:08:20+00:00"
  },
  {
    "account": "T_NCC1701D",
    "author": "Lt. Cmdr. Data",
    "channel": "#bridge",
    "conversation_name": "#bridge",
    "conversation_uuid": "0d19c789-9bb6-5f9e-9bf9-f9b3c85b2eba",
    "entire_chat": "/chat/0d19c789-9bb6-5f9e-9bf9-f9b3c85b2eba",
    "git_sha": null,
    "kind": "Slack Message",
    "markdown_uuid": "0d19c789-9bb6-5f9e-9bf9-f9b3c85b2eba",
    "message_index": 1,
    "notion_block_uuid": null,
    "notion_page_uuid": null,
    "org_name": null,
    "org_uuid": null,
    "project": null,
    "provider": "slack",
    "qmd_path": "slack_api/rendered_md/0d19c789-9bb6-5f9e-9bf9-f9b3c85b2eba/all.md",
    "slack_link": null,
    "source_label": "Slack",
    "source_url": "https://slack.com/archives/C_BRIDGE/p12604000200000200?team=T_NCC1701D&thread_ts=12604000100.000100&cid=C_BRIDGE",
    "text": "All systems nominal, Captain. Long-range sensors detect a Class M planet bearing 042 mark 7.",
    "upstream_entity_kind": "message",
    "upstream_id": "C_BRIDGE#12604000200.000200",
    "upstream_scope": "T_NCC1701D",
    "uuid": "ee0f6228-19a1-54ea-a38d-c0fbe02e1242",
    "when_ts": "2369-05-28T15:10:00+00:00"
  },
  {
    "account": "T_NCC1701D",
    "author": "William T. Riker",
    "channel": "#bridge",
    "conversation_name": "#bridge",
    "conversation_uuid": "0d19c789-9bb6-5f9e-9bf9-f9b3c85b2eba",
    "entire_chat": "/chat/0d19c789-9bb6-5f9e-9bf9-f9b3c85b2eba",
    "git_sha": null,
    "kind": "Slack Message",
    "markdown_uuid": "0d19c789-9bb6-5f9e-9bf9-f9b3c85b2eba",
    "message_index": 2,
    "notion_block_uuid": null,
    "notion_page_uuid": null,
    "org_name": null,
    "org_uuid": null,
    "project": null,
    "provider": "slack",
    "qmd_path": "slack_api/rendered_md/0d19c789-9bb6-5f9e-9bf9-f9b3c85b2eba/all.md",
    "slack_link": null,
    "source_label": "Slack",
    "source_url": "https://slack.com/archives/C_BRIDGE/p12604000300000300?team=T_NCC1701D&thread_ts=12604000100.000100&cid=C_BRIDGE",
    "text": "Set a course, Mr. Data. Warp factor five.",
    "upstream_entity_kind": "message",
    "upstream_id": "C_BRIDGE#12604000300.000300",
    "upstream_scope": "T_NCC1701D",
    "uuid": "b89c97ab-5bca-5de7-98e8-f2157ff69991",
    "when_ts": "2369-05-28T15:11:40+00:00"
  },
  {
    "account": "T_NCC1701D",
    "author": "Worf",
    "channel": "#bridge",
    "conversation_name": "#bridge",
    "conversation_uuid": "aa7f900b-31b9-5603-995a-5ed36db03478",
    "entire_chat": "/chat/aa7f900b-31b9-5603-995a-5ed36db03478",
    "git_sha": null,
    "kind": "Slack Message",
    "markdown_uuid": "aa7f900b-31b9-5603-995a-5ed36db03478",
    "message_index": 0,
    "notion_block_uuid": null,
    "notion_page_uuid": null,
    "org_name": null,
    "org_uuid": null,
    "project": null,
    "provider": "slack",
    "qmd_path": "slack_api/rendered_md/aa7f900b-31b9-5603-995a-5ed36db03478/all.md",
    "slack_link": null,
    "source_label": "Slack",
    "source_url": "https://slack.com/archives/C_BRIDGE/p12604000400000400?team=T_NCC1701D",
    "text": "I recommend raising shields, Captain.",
    "upstream_entity_kind": "message",
    "upstream_id": "C_BRIDGE#12604000400.000400",
    "upstream_scope": "T_NCC1701D",
    "uuid": "80b2ae4e-06f9-5ca3-9d40-e24d82214eb3",
    "when_ts": "2369-05-28T15:13:20+00:00"
  },
  {
    "account": "T_NCC1701D",
    "author": "Lt. Cmdr. Data",
    "channel": "#engineering",
    "conversation_name": "#engineering",
    "conversation_uuid": "68000dc2-0cb1-5eb4-ba26-89498049dfa8",
    "entire_chat": "/chat/68000dc2-0cb1-5eb4-ba26-89498049dfa8",
    "git_sha": null,
    "kind": "Slack Message",
    "markdown_uuid": "68000dc2-0cb1-5eb4-ba26-89498049dfa8",
    "message_index": 0,
    "notion_block_uuid": null,
    "notion_page_uuid": null,
    "org_name": null,
    "org_uuid": null,
    "project": null,
    "provider": "slack",
    "qmd_path": "slack_api/rendered_md/68000dc2-0cb1-5eb4-ba26-89498049dfa8/all.md",
    "slack_link": null,
    "source_label": "Slack",
    "source_url": "https://slack.com/archives/C_ENG/p12604000500000500?team=T_NCC1701D",
    "text": "Warp core efficiency at 99.7%.",
    "upstream_entity_kind": "message",
    "upstream_id": "C_ENG#12604000500.000500",
    "upstream_scope": "T_NCC1701D",
    "uuid": "6607ab50-b9d8-55c1-86c2-a810ba8949eb",
    "when_ts": "2369-05-28T15:15:00+00:00"
  },
  {
    "account": "T_NCC1701D",
    "author": "William T. Riker",
    "channel": "#ten-forward",
    "conversation_name": "#ten-forward",
    "conversation_uuid": "dcda988e-79b9-5b19-b3d7-7325524c86dd",
    "entire_chat": "/chat/dcda988e-79b9-5b19-b3d7-7325524c86dd",
    "git_sha": null,
    "kind": "Slack Message",
    "markdown_uuid": "dcda988e-79b9-5b19-b3d7-7325524c86dd",
    "message_index": 0,
    "notion_block_uuid": null,
    "notion_page_uuid": null,
    "org_name": null,
    "org_uuid": null,
    "project": null,
    "provider": "slack",
    "qmd_path": "slack_api/rendered_md/dcda988e-79b9-5b19-b3d7-7325524c86dd/all.md",
    "slack_link": null,
    "source_label": "Slack",
    "source_url": "https://slack.com/archives/C_TENFWD/p12604000600000600?team=T_NCC1701D",
    "text": "Anyone up for poker tonight?",
    "upstream_entity_kind": "message",
    "upstream_id": "C_TENFWD#12604000600.000600",
    "upstream_scope": "T_NCC1701D",
    "uuid": "927f4e6c-fefc-5b6a-a15d-d472c09bdbd8",
    "when_ts": "2369-05-28T15:16:40+00:00"
  },
  {
    "account": "T_NCC1701D",
    "author": "Jean-Luc Picard",
    "channel": "#bridge",
    "conversation_name": "#bridge",
    "conversation_uuid": "efd7f060-7cc7-508b-811f-afbb133a9ff6",
    "entire_chat": "/chat/efd7f060-7cc7-508b-811f-afbb133a9ff6",
    "git_sha": null,
    "kind": "Slack Message",
    "markdown_uuid": "efd7f060-7cc7-508b-811f-afbb133a9ff6",
    "message_index": 0,
    "notion_block_uuid": null,
    "notion_page_uuid": null,
    "org_name": null,
    "org_uuid": null,
    "project": null,
    "provider": "slack",
    "qmd_path": "slack_api/rendered_md/efd7f060-7cc7-508b-811f-afbb133a9ff6/all.md",
    "slack_link": null,
    "source_label": "Slack",
    "source_url": "https://slack.com/archives/C_BRIDGE/p12604000700000700?team=T_NCC1701D",
    "text": "New combadge prototypes — thoughts?",
    "upstream_entity_kind": "message",
    "upstream_id": "C_BRIDGE#12604000700.000700",
    "upstream_scope": "T_NCC1701D",
    "uuid": "21fc5644-c4fd-5110-9c41-48d338915fb6",
    "when_ts": "2369-05-28T15:18:20+00:00"
  },
  {
    "account": "T_NCC1701D",
    "author": "Worf",
    "channel": "#ten-forward",
    "conversation_name": "#ten-forward",
    "conversation_uuid": "dcda988e-79b9-5b19-b3d7-7325524c86dd",
    "entire_chat": "/chat/dcda988e-79b9-5b19-b3d7-7325524c86dd",
    "git_sha": null,
    "kind": "Slack Message",
    "markdown_uuid": "dcda988e-79b9-5b19-b3d7-7325524c86dd",
    "message_index": 1,
    "notion_block_uuid": null,
    "notion_page_uuid": null,
    "org_name": null,
    "org_uuid": null,
    "project": null,
    "provider": "slack",
    "qmd_path": "slack_api/rendered_md/dcda988e-79b9-5b19-b3d7-7325524c86dd/all.md",
    "slack_link": null,
    "source_label": "Slack",
    "source_url": "https://slack.com/archives/C_TENFWD/p12604000700000700?team=T_NCC1701D&thread_ts=12604000600.000600&cid=C_TENFWD",
    "text": "I do not understand the appeal of this Earth game.",
    "upstream_entity_kind": "message",
    "upstream_id": "C_TENFWD#12604000700.000700",
    "upstream_scope": "T_NCC1701D",
    "uuid": "3d82f5ae-bcdc-5d76-9621-2c885e289b6c",
    "when_ts": "2369-05-28T15:18:20+00:00"
  },
  {
    "account": "T_NCC1701D",
    "author": "Lt. Cmdr. Data",
    "channel": "#bridge",
    "conversation_name": "#bridge",
    "conversation_uuid": "56f6c1d9-495c-5104-8a26-be13bc28718e",
    "entire_chat": "/chat/56f6c1d9-495c-5104-8a26-be13bc28718e",
    "git_sha": null,
    "kind": "Slack Message",
    "markdown_uuid": "56f6c1d9-495c-5104-8a26-be13bc28718e",
    "message_index": 0,
    "notion_block_uuid": null,
    "notion_page_uuid": null,
    "org_name": null,
    "org_uuid": null,
    "project": null,
    "provider": "slack",
    "qmd_path": "slack_api/rendered_md/56f6c1d9-495c-5104-8a26-be13bc28718e/all.md",
    "slack_link": null,
    "source_label": "Slack",
    "source_url": "https://slack.com/archives/C_BRIDGE/p12604000800000800?team=T_NCC1701D",
    "text": "Captain's Log, Stardate 47988.1. Sensors detect a Romulan signature bearing 271 mark 4.",
    "upstream_entity_kind": "message",
    "upstream_id": "C_BRIDGE#12604000800.000800",
    "upstream_scope": "T_NCC1701D",
    "uuid": "591128f8-b39e-5237-9704-e469199ba7ac",
    "when_ts": "2369-05-28T15:20:00+00:00"
  },
  {
    "account": "T_NCC1701D",
    "author": "William T. Riker",
    "channel": "@William T. Riker",
    "conversation_name": "@William T. Riker",
    "conversation_uuid": "777b8f58-706d-549a-82b8-699fc856030e",
    "entire_chat": "/chat/777b8f58-706d-549a-82b8-699fc856030e",
    "git_sha": null,
    "kind": "Slack Message",
    "markdown_uuid": "777b8f58-706d-549a-82b8-699fc856030e",
    "message_index": 0,
    "notion_block_uuid": null,
    "notion_page_uuid": null,
    "org_name": null,
    "org_uuid": null,
    "project": null,
    "provider": "slack",
    "qmd_path": "slack_api/rendered_md/777b8f58-706d-549a-82b8-699fc856030e/all.md",
    "slack_link": null,
    "source_label": "Slack",
    "source_url": "https://slack.com/archives/D_RIKER/p12604000900000900?team=T_NCC1701D",
    "text": "Captain, the away team roster is ready for your review.",
    "upstream_entity_kind": "message",
    "upstream_id": "D_RIKER#12604000900.000900",
    "upstream_scope": "T_NCC1701D",
    "uuid": "c5a0c94e-03a4-565a-b390-0ee002edeab2",
    "when_ts": "2369-05-28T15:21:40+00:00"
  },
  {
    "account": "T_NCC1701D",
    "author": "Jean-Luc Picard",
    "channel": "@William T. Riker",
    "conversation_name": "@William T. Riker",
    "conversation_uuid": "1803e003-56a7-5c12-9024-5265850e9eaa",
    "entire_chat": "/chat/1803e003-56a7-5c12-9024-5265850e9eaa",
    "git_sha": null,
    "kind": "Slack Message",
    "markdown_uuid": "1803e003-56a7-5c12-9024-5265850e9eaa",
    "message_index": 0,
    "notion_block_uuid": null,
    "notion_page_uuid": null,
    "org_name": null,
    "org_uuid": null,
    "project": null,
    "provider": "slack",
    "qmd_path": "slack_api/rendered_md/1803e003-56a7-5c12-9024-5265850e9eaa/all.md",
    "slack_link": null,
    "source_label": "Slack",
    "source_url": "https://slack.com/archives/D_RIKER/p12604000901000901?team=T_NCC1701D",
    "text": "Thank you, Number One. Make it so.",
    "upstream_entity_kind": "message",
    "upstream_id": "D_RIKER#12604000901.000901",
    "upstream_scope": "T_NCC1701D",
    "uuid": "f1f922de-b96b-5025-bca1-62ec84b4a1d1",
    "when_ts": "2369-05-28T15:21:41+00:00"
  },
  {
    "account": "T_NCC1701D",
    "author": "Lt. Cmdr. Data",
    "channel": "@Lt. Cmdr. Data",
    "conversation_name": "@Lt. Cmdr. Data",
    "conversation_uuid": "e5c54890-5a44-5a3d-9efe-e28b37b48edf",
    "entire_chat": "/chat/e5c54890-5a44-5a3d-9efe-e28b37b48edf",
    "git_sha": null,
    "kind": "Slack Message",
    "markdown_uuid": "e5c54890-5a44-5a3d-9efe-e28b37b48edf",
    "message_index": 0,
    "notion_block_uuid": null,
    "notion_page_uuid": null,
    "org_name": null,
    "org_uuid": null,
    "project": null,
    "provider": "slack",
    "qmd_path": "slack_api/rendered_md/e5c54890-5a44-5a3d-9efe-e28b37b48edf/all.md",
    "slack_link": null,
    "source_label": "Slack",
    "source_url": "https://slack.com/archives/D_DATA/p12604000902000902?team=T_NCC1701D",
    "text": "Sir, I have completed my analysis of the Romulan signature.",
    "upstream_entity_kind": "message",
    "upstream_id": "D_DATA#12604000902.000902",
    "upstream_scope": "T_NCC1701D",
    "uuid": "ee15c54c-ae19-51b4-a51b-ba2e9f7a77d2",
    "when_ts": "2369-05-28T15:21:42+00:00"
  },
  {
    "account": "T_NCC1701D",
    "author": "Worf",
    "channel": "@William T. Riker, Worf",
    "conversation_name": "@William T. Riker, Worf",
    "conversation_uuid": "b168a24b-fddb-55c2-88fe-523dec59fd5c",
    "entire_chat": "/chat/b168a24b-fddb-55c2-88fe-523dec59fd5c",
    "git_sha": null,
    "kind": "Slack Message",
    "markdown_uuid": "b168a24b-fddb-55c2-88fe-523dec59fd5c",
    "message_index": 0,
    "notion_block_uuid": null,
    "notion_page_uuid": null,
    "org_name": null,
    "org_uuid": null,
    "project": null,
    "provider": "slack",
    "qmd_path": "slack_api/rendered_md/b168a24b-fddb-55c2-88fe-523dec59fd5c/all.md",
    "slack_link": null,
    "source_label": "Slack",
    "source_url": "https://slack.com/archives/G_AWAYTEAM/p12604000903000903?team=T_NCC1701D",
    "text": "I must object to beaming down unarmed.",
    "upstream_entity_kind": "message",
    "upstream_id": "G_AWAYTEAM#12604000903.000903",
    "upstream_scope": "T_NCC1701D",
    "uuid": "a3c08320-2b85-52bd-afab-ddfe4dafe08d",
    "when_ts": "2369-05-28T15:21:43+00:00"
  },
  {
    "account": "T_NCC1701D",
    "author": "Jean-Luc Picard",
    "channel": "@William T. Riker, Worf",
    "conversation_name": "@William T. Riker, Worf",
    "conversation_uuid": "658ccd8e-50ad-527c-8cc3-401cf8b315db",
    "entire_chat": "/chat/658ccd8e-50ad-527c-8cc3-401cf8b315db",
    "git_sha": null,
    "kind": "Slack Message",
    "markdown_uuid": "658ccd8e-50ad-527c-8cc3-401cf8b315db",
    "message_index": 0,
    "notion_block_uuid": null,
    "notion_page_uuid": null,
    "org_name": null,
    "org_uuid": null,
    "project": null,
    "provider": "slack",
    "qmd_path": "slack_api/rendered_md/658ccd8e-50ad-527c-8cc3-401cf8b315db/all.md",
    "slack_link": null,
    "source_label": "Slack",
    "source_url": "https://slack.com/archives/G_AWAYTEAM/p12604000904000904?team=T_NCC1701D",
    "text": "Noted, Mr. Worf. Phasers on stun.",
    "upstream_entity_kind": "message",
    "upstream_id": "G_AWAYTEAM#12604000904.000904",
    "upstream_scope": "T_NCC1701D",
    "uuid": "06cfe816-d34f-5428-be2e-0898eee3f468",
    "when_ts": "2369-05-28T15:21:44+00:00"
  },
  {
    "account": "T_NCC1701D",
    "author": "William T. Riker",
    "channel": "#bridge",
    "conversation_name": "#bridge",
    "conversation_uuid": "0d19c789-9bb6-5f9e-9bf9-f9b3c85b2eba",
    "entire_chat": "/chat/0d19c789-9bb6-5f9e-9bf9-f9b3c85b2eba",
    "git_sha": null,
    "kind": "Slack Reaction",
    "markdown_uuid": "0d19c789-9bb6-5f9e-9bf9-f9b3c85b2eba",
    "message_index": null,
    "notion_block_uuid": null,
    "notion_page_uuid": null,
    "org_name": null,
    "org_uuid": null,
    "project": null,
    "provider": "slack",
    "qmd_path": "slack_api/rendered_md/0d19c789-9bb6-5f9e-9bf9-f9b3c85b2eba/all.md",
    "slack_link": null,
    "source_label": "Slack",
    "source_url": null,
    "text": "👍",
    "upstream_entity_kind": "reaction",
    "upstream_id": "C_BRIDGE#12604000200.000200#thumbsup#U_RIKER",
    "upstream_scope": "T_NCC1701D",
    "uuid": "3f034f5c-dd99-55c4-a545-82c7eec42c03",
    "when_ts": "2369-05-28T15:10:00+00:00"
  },
  {
    "account": "T_NCC1701D",
    "author": "Lt. Cmdr. Data",
    "channel": "#bridge",
    "conversation_name": "#bridge",
    "conversation_uuid": "0d19c789-9bb6-5f9e-9bf9-f9b3c85b2eba",
    "entire_chat": "/chat/0d19c789-9bb6-5f9e-9bf9-f9b3c85b2eba",
    "git_sha": null,
    "kind": "Slack Reaction",
    "markdown_uuid": "0d19c789-9bb6-5f9e-9bf9-f9b3c85b2eba",
    "message_index": null,
    "notion_block_uuid": null,
    "notion_page_uuid": null,
    "org_name": null,
    "org_uuid": null,
    "project": null,
    "provider": "slack",
    "qmd_path": "slack_api/rendered_md/0d19c789-9bb6-5f9e-9bf9-f9b3c85b2eba/all.md",
    "slack_link": null,
    "source_label": "Slack",
    "source_url": null,
    "text": ":robot_face:",
    "upstream_entity_kind": "reaction",
    "upstream_id": "C_BRIDGE#12604000200.000200#robot_face#U_DATA",
    "upstream_scope": "T_NCC1701D",
    "uuid": "c24ad66f-7604-5fea-a884-edd163160de9",
    "when_ts": "2369-05-28T15:10:00+00:00"
  },
  {
    "account": "T_NCC1701D",
    "author": "Jean-Luc Picard",
    "channel": "#bridge",
    "conversation_name": "#bridge",
    "conversation_uuid": "0d19c789-9bb6-5f9e-9bf9-f9b3c85b2eba",
    "entire_chat": "/chat/0d19c789-9bb6-5f9e-9bf9-f9b3c85b2eba",
    "git_sha": null,
    "kind": "Slack Reaction",
    "markdown_uuid": "0d19c789-9bb6-5f9e-9bf9-f9b3c85b2eba",
    "message_index": null,
    "notion_block_uuid": null,
    "notion_page_uuid": null,
    "org_name": null,
    "org_uuid": null,
    "project": null,
    "provider": "slack",
    "qmd_path": "slack_api/rendered_md/0d19c789-9bb6-5f9e-9bf9-f9b3c85b2eba/all.md",
    "slack_link": null,
    "source_label": "Slack",
    "source_url": null,
    "text": "👍",
    "upstream_entity_kind": "reaction",
    "upstream_id": "C_BRIDGE#12604000200.000200#thumbsup#U_PICARD",
    "upstream_scope": "T_NCC1701D",
    "uuid": "e38a2cae-f5d0-506a-98d5-3a96413df8a1",
    "when_ts": "2369-05-28T15:10:00+00:00"
  },
  {
    "account": "T_NCC1701D",
    "author": "William T. Riker",
    "channel": "#ten-forward",
    "conversation_name": "#ten-forward",
    "conversation_uuid": "dcda988e-79b9-5b19-b3d7-7325524c86dd",
    "entire_chat": "/chat/dcda988e-79b9-5b19-b3d7-7325524c86dd",
    "git_sha": null,
    "kind": "Slack Reaction",
    "markdown_uuid": "dcda988e-79b9-5b19-b3d7-7325524c86dd",
    "message_index": null,
    "notion_block_uuid": null,
    "notion_page_uuid": null,
    "org_name": null,
    "org_uuid": null,
    "project": null,
    "provider": "slack",
    "qmd_path": "slack_api/rendered_md/dcda988e-79b9-5b19-b3d7-7325524c86dd/all.md",
    "slack_link": null,
    "source_label": "Slack",
    "source_url": null,
    "text": "😂",
    "upstream_entity_kind": "reaction",
    "upstream_id": "C_TENFWD#12604000700.000700#joy#U_RIKER",
    "upstream_scope": "T_NCC1701D",
    "uuid": "c4e1ebb5-ed20-5ddb-b16d-2355a3aed544",
    "when_ts": "2369-05-28T15:18:20+00:00"
  },
  {
    "account": "T_NCC1701D",
    "author": "Jean-Luc Picard",
    "channel": "@Lt. Cmdr. Data",
    "conversation_name": "@Lt. Cmdr. Data",
    "conversation_uuid": "e5c54890-5a44-5a3d-9efe-e28b37b48edf",
    "entire_chat": "/chat/e5c54890-5a44-5a3d-9efe-e28b37b48edf",
    "git_sha": null,
    "kind": "Slack Reaction",
    "markdown_uuid": "e5c54890-5a44-5a3d-9efe-e28b37b48edf",
    "message_index": null,
    "notion_block_uuid": null,
    "notion_page_uuid": null,
    "org_name": null,
    "org_uuid": null,
    "project": null,
    "provider": "slack",
    "qmd_path": "slack_api/rendered_md/e5c54890-5a44-5a3d-9efe-e28b37b48edf/all.md",
    "slack_link": null,
    "source_label": "Slack",
    "source_url": null,
    "text": "👍",
    "upstream_entity_kind": "reaction",
    "upstream_id": "D_DATA#12604000902.000902#thumbsup#U_PICARD",
    "upstream_scope": "T_NCC1701D",
    "uuid": "72e606d1-ae64-5d13-a4d1-8e378668521a",
    "when_ts": "2369-05-28T15:21:42+00:00"
  },
  {
    "account": "T_NCC1701D",
    "author": null,
    "channel": "#bridge",
    "conversation_name": "#bridge",
    "conversation_uuid": "0d19c789-9bb6-5f9e-9bf9-f9b3c85b2eba",
    "entire_chat": "/chat/0d19c789-9bb6-5f9e-9bf9-f9b3c85b2eba",
    "git_sha": null,
    "kind": "Slack Thread",
    "markdown_uuid": "0d19c789-9bb6-5f9e-9bf9-f9b3c85b2eba",
    "message_index": null,
    "notion_block_uuid": null,
    "notion_page_uuid": null,
    "org_name": null,
    "org_uuid": null,
    "project": null,
    "provider": "slack",
    "qmd_path": "slack_api/rendered_md/0d19c789-9bb6-5f9e-9bf9-f9b3c85b2eba/all.md",
    "slack_link": null,
    "source_label": "Slack",
    "source_url": "https://slack.com/archives/C_BRIDGE/p12604000100000100?team=T_NCC1701D",
    "text": "Mr. Data, status report.\nAll systems nominal, Captain. Long-range sensors detect a Class M planet bearing 042 mark 7.\nSet a course, Mr. Data. Warp factor five.",
    "upstream_entity_kind": "thread",
    "upstream_id": "C_BRIDGE#12604000100.000100",
    "upstream_scope": "T_NCC1701D",
    "uuid": "0d19c789-9bb6-5f9e-9bf9-f9b3c85b2eba",
    "when_ts": "2369-05-28T15:08:20+00:00"
  },
  {
    "account": "T_NCC1701D",
    "author": null,
    "channel": "#bridge",
    "conversation_name": "#bridge",
    "conversation_uuid": "aa7f900b-31b9-5603-995a-5ed36db03478",
    "entire_chat": "/chat/aa7f900b-31b9-5603-995a-5ed36db03478",
    "git_sha": null,
    "kind": "Slack Thread",
    "markdown_uuid": "aa7f900b-31b9-5603-995a-5ed36db03478",
    "message_index": null,
    "notion_block_uuid": null,
    "notion_page_uuid": null,
    "org_name": null,
    "org_uuid": null,
    "project": null,
    "provider": "slack",
    "qmd_path": "slack_api/rendered_md/aa7f900b-31b9-5603-995a-5ed36db03478/all.md",
    "slack_link": null,
    "source_label": "Slack",
    "source_url": "https://slack.com/archives/C_BRIDGE/p12604000400000400?team=T_NCC1701D",
    "text": "I recommend raising shields, Captain.",
    "upstream_entity_kind": "thread",
    "upstream_id": "C_BRIDGE#12604000400.000400",
    "upstream_scope": "T_NCC1701D",
    "uuid": "aa7f900b-31b9-5603-995a-5ed36db03478",
    "when_ts": "2369-05-28T15:13:20+00:00"
  },
  {
    "account": "T_NCC1701D",
    "author": null,
    "channel": "#engineering",
    "conversation_name": "#engineering",
    "conversation_uuid": "68000dc2-0cb1-5eb4-ba26-89498049dfa8",
    "entire_chat": "/chat/68000dc2-0cb1-5eb4-ba26-89498049dfa8",
    "git_sha": null,
    "kind": "Slack Thread",
    "markdown_uuid": "68000dc2-0cb1-5eb4-ba26-89498049dfa8",
    "message_index": null,
    "notion_block_uuid": null,
    "notion_page_uuid": null,
    "org_name": null,
    "org_uuid": null,
    "project": null,
    "provider": "slack",
    "qmd_path": "slack_api/rendered_md/68000dc2-0cb1-5eb4-ba26-89498049dfa8/all.md",
    "slack_link": null,
    "source_label": "Slack",
    "source_url": "https://slack.com/archives/C_ENG/p12604000500000500?team=T_NCC1701D",
    "text": "Warp core efficiency at 99.7%.",
    "upstream_entity_kind": "thread",
    "upstream_id": "C_ENG#12604000500.000500",
    "upstream_scope": "T_NCC1701D",
    "uuid": "68000dc2-0cb1-5eb4-ba26-89498049dfa8",
    "when_ts": "2369-05-28T15:15:00+00:00"
  },
  {
    "account": "T_NCC1701D",
    "author": null,
    "channel": "#ten-forward",
    "conversation_name": "#ten-forward",
    "conversation_uuid": "dcda988e-79b9-5b19-b3d7-7325524c86dd",
    "entire_chat": "/chat/dcda988e-79b9-5b19-b3d7-7325524c86dd",
    "git_sha": null,
    "kind": "Slack Thread",
    "markdown_uuid": "dcda988e-79b9-5b19-b3d7-7325524c86dd",
    "message_index": null,
    "notion_block_uuid": null,
    "notion_page_uuid": null,
    "org_name": null,
    "org_uuid": null,
    "project": null,
    "provider": "slack",
    "qmd_path": "slack_api/rendered_md/dcda988e-79b9-5b19-b3d7-7325524c86dd/all.md",
    "slack_link": null,
    "source_label": "Slack",
    "source_url": "https://slack.com/archives/C_TENFWD/p12604000600000600?team=T_NCC1701D",
    "text": "Anyone up for poker tonight?\nI do not understand the appeal of this Earth game.",
    "upstream_entity_kind": "thread",
    "upstream_id": "C_TENFWD#12604000600.000600",
    "upstream_scope": "T_NCC1701D",
    "uuid": "dcda988e-79b9-5b19-b3d7-7325524c86dd",
    "when_ts": "2369-05-28T15:16:40+00:00"
  },
  {
    "account": "T_NCC1701D",
    "author": null,
    "channel": "#bridge",
    "conversation_name": "#bridge",
    "conversation_uuid": "efd7f060-7cc7-508b-811f-afbb133a9ff6",
    "entire_chat": "/chat/efd7f060-7cc7-508b-811f-afbb133a9ff6",
    "git_sha": null,
    "kind": "Slack Thread",
    "markdown_uuid": "efd7f060-7cc7-508b-811f-afbb133a9ff6",
    "message_index": null,
    "notion_block_uuid": null,
    "notion_page_uuid": null,
    "org_name": null,
    "org_uuid": null,
    "project": null,
    "provider": "slack",
    "qmd_path": "slack_api/rendered_md/efd7f060-7cc7-508b-811f-afbb133a9ff6/all.md",
    "slack_link": null,
    "source_label": "Slack",
    "source_url": "https://slack.com/archives/C_BRIDGE/p12604000700000700?team=T_NCC1701D",
    "text": "New combadge prototypes — thoughts?",
    "upstream_entity_kind": "thread",
    "upstream_id": "C_BRIDGE#12604000700.000700",
    "upstream_scope": "T_NCC1701D",
    "uuid": "efd7f060-7cc7-508b-811f-afbb133a9ff6",
    "when_ts": "2369-05-28T15:18:20+00:00"
  },
  {
    "account": "T_NCC1701D",
    "author": null,
    "channel": "#bridge",
    "conversation_name": "#bridge",
    "conversation_uuid": "56f6c1d9-495c-5104-8a26-be13bc28718e",
    "entire_chat": "/chat/56f6c1d9-495c-5104-8a26-be13bc28718e",
    "git_sha": null,
    "kind": "Slack Thread",
    "markdown_uuid": "56f6c1d9-495c-5104-8a26-be13bc28718e",
    "message_index": null,
    "notion_block_uuid": null,
    "notion_page_uuid": null,
    "org_name": null,
    "org_uuid": null,
    "project": null,
    "provider": "slack",
    "qmd_path": "slack_api/rendered_md/56f6c1d9-495c-5104-8a26-be13bc28718e/all.md",
    "slack_link": null,
    "source_label": "Slack",
    "source_url": "https://slack.com/archives/C_BRIDGE/p12604000800000800?team=T_NCC1701D",
    "text": "Captain's Log, Stardate 47988.1. Sensors detect a Romulan signature bearing 271 mark 4.",
    "upstream_entity_kind": "thread",
    "upstream_id": "C_BRIDGE#12604000800.000800",
    "upstream_scope": "T_NCC1701D",
    "uuid": "56f6c1d9-495c-5104-8a26-be13bc28718e",
    "when_ts": "2369-05-28T15:20:00+00:00"
  },
  {
    "account": "T_NCC1701D",
    "author": null,
    "channel": "@William T. Riker",
    "conversation_name": "@William T. Riker",
    "conversation_uuid": "777b8f58-706d-549a-82b8-699fc856030e",
    "entire_chat": "/chat/777b8f58-706d-549a-82b8-699fc856030e",
    "git_sha": null,
    "kind": "Slack Thread",
    "markdown_uuid": "777b8f58-706d-549a-82b8-699fc856030e",
    "message_index": null,
    "notion_block_uuid": null,
    "notion_page_uuid": null,
    "org_name": null,
    "org_uuid": null,
    "project": null,
    "provider": "slack",
    "qmd_path": "slack_api/rendered_md/777b8f58-706d-549a-82b8-699fc856030e/all.md",
    "slack_link": null,
    "source_label": "Slack",
    "source_url": "https://slack.com/archives/D_RIKER/p12604000900000900?team=T_NCC1701D",
    "text": "Captain, the away team roster is ready for your review.",
    "upstream_entity_kind": "thread",
    "upstream_id": "D_RIKER#12604000900.000900",
    "upstream_scope": "T_NCC1701D",
    "uuid": "777b8f58-706d-549a-82b8-699fc856030e",
    "when_ts": "2369-05-28T15:21:40+00:00"
  },
  {
    "account": "T_NCC1701D",
    "author": null,
    "channel": "@William T. Riker",
    "conversation_name": "@William T. Riker",
    "conversation_uuid": "1803e003-56a7-5c12-9024-5265850e9eaa",
    "entire_chat": "/chat/1803e003-56a7-5c12-9024-5265850e9eaa",
    "git_sha": null,
    "kind": "Slack Thread",
    "markdown_uuid": "1803e003-56a7-5c12-9024-5265850e9eaa",
    "message_index": null,
    "notion_block_uuid": null,
    "notion_page_uuid": null,
    "org_name": null,
    "org_uuid": null,
    "project": null,
    "provider": "slack",
    "qmd_path": "slack_api/rendered_md/1803e003-56a7-5c12-9024-5265850e9eaa/all.md",
    "slack_link": null,
    "source_label": "Slack",
    "source_url": "https://slack.com/archives/D_RIKER/p12604000901000901?team=T_NCC1701D",
    "text": "Thank you, Number One. Make it so.",
    "upstream_entity_kind": "thread",
    "upstream_id": "D_RIKER#12604000901.000901",
    "upstream_scope": "T_NCC1701D",
    "uuid": "1803e003-56a7-5c12-9024-5265850e9eaa",
    "when_ts": "2369-05-28T15:21:41+00:00"
  },
  {
    "account": "T_NCC1701D",
    "author": null,
    "channel": "@Lt. Cmdr. Data",
    "conversation_name": "@Lt. Cmdr. Data",
    "conversation_uuid": "e5c54890-5a44-5a3d-9efe-e28b37b48edf",
    "entire_chat": "/chat/e5c54890-5a44-5a3d-9efe-e28b37b48edf",
    "git_sha": null,
    "kind": "Slack Thread",
    "markdown_uuid": "e5c54890-5a44-5a3d-9efe-e28b37b48edf",
    "message_index": null,
    "notion_block_uuid": null,
    "notion_page_uuid": null,
    "org_name": null,
    "org_uuid": null,
    "project": null,
    "provider": "slack",
    "qmd_path": "slack_api/rendered_md/e5c54890-5a44-5a3d-9efe-e28b37b48edf/all.md",
    "slack_link": null,
    "source_label": "Slack",
    "source_url": "https://slack.com/archives/D_DATA/p12604000902000902?team=T_NCC1701D",
    "text": "Sir, I have completed my analysis of the Romulan signature.",
    "upstream_entity_kind": "thread",
    "upstream_id": "D_DATA#12604000902.000902",
    "upstream_scope": "T_NCC1701D",
    "uuid": "e5c54890-5a44-5a3d-9efe-e28b37b48edf",
    "when_ts": "2369-05-28T15:21:42+00:00"
  },
  {
    "account": "T_NCC1701D",
    "author": null,
    "channel": "@William T. Riker, Worf",
    "conversation_name": "@William T. Riker, Worf",
    "conversation_uuid": "b168a24b-fddb-55c2-88fe-523dec59fd5c",
    "entire_chat": "/chat/b168a24b-fddb-55c2-88fe-523dec59fd5c",
    "git_sha": null,
    "kind": "Slack Thread",
    "markdown_uuid": "b168a24b-fddb-55c2-88fe-523dec59fd5c",
    "message_index": null,
    "notion_block_uuid": null,
    "notion_page_uuid": null,
    "org_name": null,
    "org_uuid": null,
    "project": null,
    "provider": "slack",
    "qmd_path": "slack_api/rendered_md/b168a24b-fddb-55c2-88fe-523dec59fd5c/all.md",
    "slack_link": null,
    "source_label": "Slack",
    "source_url": "https://slack.com/archives/G_AWAYTEAM/p12604000903000903?team=T_NCC1701D",
    "text": "I must object to beaming down unarmed.",
    "upstream_entity_kind": "thread",
    "upstream_id": "G_AWAYTEAM#12604000903.000903",
    "upstream_scope": "T_NCC1701D",
    "uuid": "b168a24b-fddb-55c2-88fe-523dec59fd5c",
    "when_ts": "2369-05-28T15:21:43+00:00"
  },
  {
    "account": "T_NCC1701D",
    "author": null,
    "channel": "@William T. Riker, Worf",
    "conversation_name": "@William T. Riker, Worf",
    "conversation_uuid": "658ccd8e-50ad-527c-8cc3-401cf8b315db",
    "entire_chat": "/chat/658ccd8e-50ad-527c-8cc3-401cf8b315db",
    "git_sha": null,
    "kind": "Slack Thread",
    "markdown_uuid": "658ccd8e-50ad-527c-8cc3-401cf8b315db",
    "message_index": null,
    "notion_block_uuid": null,
    "notion_page_uuid": null,
    "org_name": null,
    "org_uuid": null,
    "project": null,
    "provider": "slack",
    "qmd_path": "slack_api/rendered_md/658ccd8e-50ad-527c-8cc3-401cf8b315db/all.md",
    "slack_link": null,
    "source_label": "Slack",
    "source_url": "https://slack.com/archives/G_AWAYTEAM/p12604000904000904?team=T_NCC1701D",
    "text": "Noted, Mr. Worf. Phasers on stun.",
    "upstream_entity_kind": "thread",
    "upstream_id": "G_AWAYTEAM#12604000904.000904",
    "upstream_scope": "T_NCC1701D",
    "uuid": "658ccd8e-50ad-527c-8cc3-401cf8b315db",
    "when_ts": "2369-05-28T15:21:44+00:00"
  }
]
